Component: ARM Compiler 5.06 update 1 (build 61) Tool: armlink [4d35a8]

==============================================================================

Section Cross References

    startup_stm32f10x_md.o(STACK) refers (Special) to heapauxi.o(.text) for __use_two_region_memory
    startup_stm32f10x_md.o(HEAP) refers (Special) to heapauxi.o(.text) for __use_two_region_memory
    startup_stm32f10x_md.o(RESET) refers (Special) to heapauxi.o(.text) for __use_two_region_memory
    startup_stm32f10x_md.o(RESET) refers to startup_stm32f10x_md.o(STACK) for __initial_sp
    startup_stm32f10x_md.o(RESET) refers to startup_stm32f10x_md.o(.text) for Reset_Handler
    startup_stm32f10x_md.o(RESET) refers to control.o(.text) for TIM1_UP_IRQHandler
    startup_stm32f10x_md.o(RESET) refers to timer.o(.text) for TIM2_IRQHandler
    startup_stm32f10x_md.o(RESET) refers to usart.o(.text) for USART1_IRQHandler
    startup_stm32f10x_md.o(.text) refers (Special) to heapauxi.o(.text) for __use_two_region_memory
    startup_stm32f10x_md.o(.text) refers to __main.o(!!!main) for __main
    startup_stm32f10x_md.o(.text) refers to startup_stm32f10x_md.o(HEAP) for Heap_Mem
    startup_stm32f10x_md.o(.text) refers to startup_stm32f10x_md.o(STACK) for Stack_Mem
    main.o(.text) refers to sys.o(.text) for Stm32_Clock_Init
    main.o(.text) refers to delay.o(.text) for delay_init
    main.o(.text) refers to usart.o(.text) for uart_init
    main.o(.text) refers to key.o(.text) for KEY_Init
    main.o(.text) refers to motor.o(.text) for MiniBalance_PWM_Init
    main.o(.text) refers to oled.o(.text) for OLED_Init
    main.o(.text) refers to show.o(.text) for fill_picture
    main.o(.text) refers to adc.o(.text) for Baterry_Adc_Init
    main.o(.text) refers to mpu6050.o(.text) for MPU_Init
    main.o(.text) refers to led.o(.text) for LED_Init
    main.o(.text) refers to encoder.o(.text) for Encoder_Init_TIM4
    main.o(.text) refers to stmflash.o(.text) for STMFLASH_Read
    main.o(.text) refers to fflt_clz.o(x$fpl$ffltu) for __aeabi_ui2f
    main.o(.text) refers to fdiv.o(x$fpl$fdiv) for __aeabi_fdiv
    main.o(.text) refers to fflt_clz.o(x$fpl$fflt) for __aeabi_i2f
    main.o(.text) refers to faddsub_clz.o(x$fpl$fadd) for __aeabi_fadd
    main.o(.text) refers to fmul.o(x$fpl$fmul) for __aeabi_fmul
    main.o(.text) refers to ffix.o(x$fpl$ffix) for __aeabi_f2iz
    main.o(.text) refers to timer.o(.text) for Timer1_Init
    main.o(.text) refers to main.o(.data) for datatemp
    main.o(.text) refers to control.o(.data) for Center_Gra_Sart
    delay.o(.text) refers to delay.o(.data) for fac_us
    sys.o(.text) refers to sys.o(.emb_text) for WFI_SET
    usart.o(.text) refers (Special) to use_no_semi_2.o(.text) for __use_no_semihosting
    usart.o(.text) refers to fflt_clz.o(x$fpl$ffltu) for __aeabi_ui2f
    usart.o(.text) refers to fdiv.o(x$fpl$fdiv) for __aeabi_fdiv
    usart.o(.text) refers to ffixu.o(x$fpl$ffixu) for __aeabi_f2uiz
    usart.o(.text) refers to faddsub_clz.o(x$fpl$frsb) for __aeabi_frsub
    usart.o(.text) refers to fmul.o(x$fpl$fmul) for __aeabi_fmul
    usart.o(.text) refers to sys.o(.text) for MY_NVIC_Init
    usart.o(.text) refers to usart.o(.data) for USART_RX_STA
    usart.o(.text) refers to usart.o(.bss) for USART_RX_BUF
    usart.o(.bss) refers (Special) to use_no_semi_2.o(.text) for __use_no_semihosting
    usart.o(.data) refers (Special) to use_no_semi_2.o(.text) for __use_no_semihosting
    led.o(.text) refers to led.o(.data) for temp
    oled.o(.text) refers to stm32f10x_gpio.o(.text) for GPIO_SetBits
    oled.o(.text) refers to stm32f10x_rcc.o(.text) for RCC_APB2PeriphClockCmd
    oled.o(.text) refers to delay.o(.text) for delay_ms
    oled.o(.text) refers to oled.o(.constdata) for F8X16
    oled.o(.text) refers to oled.o(.data) for Hzk
    adc.o(.text) refers to fflt_clz.o(x$fpl$ffltu) for __aeabi_ui2f
    adc.o(.text) refers to f2d.o(x$fpl$f2d) for __aeabi_f2d
    adc.o(.text) refers to dmul.o(x$fpl$dmul) for __aeabi_dmul
    adc.o(.text) refers to ddiv.o(x$fpl$ddiv) for __aeabi_ddiv
    adc.o(.text) refers to d2f.o(x$fpl$d2f) for __aeabi_d2f
    adc.o(.text) refers to delay.o(.text) for delay_ms
    timer.o(.text) refers to sys.o(.text) for MY_NVIC_Init
    timer.o(.text) refers to timer.o(.data) for T
    encoder.o(.text) refers to sys.o(.text) for MY_NVIC_Init
    i2c.o(.text) refers to delay.o(.text) for delay_us
    i2c.o(.text) refers to stm32f10x_rcc.o(.text) for RCC_APB2PeriphClockCmd
    i2c.o(.text) refers to stm32f10x_gpio.o(.text) for GPIO_Init
    mpu6050.o(.text) refers to i2c.o(.text) for I2C_init
    mpu6050.o(.text) refers to delay.o(.text) for delay_ms
    mpu6050.o(.text) refers to fflt_clz.o(x$fpl$fflt) for __aeabi_i2f
    mpu6050.o(.text) refers to mpu6050.o(.bss) for sensor
    mpu6050.o(.text) refers to mpu6050.o(.data) for over_flag
    control.o(.text) refers to f2d.o(x$fpl$f2d) for __aeabi_f2d
    control.o(.text) refers to dmul.o(x$fpl$dmul) for __aeabi_dmul
[...]
    __rtentry2.o(.ARM.exidx) refers to __rtentry2.o(.ARM.Collect$$rtentry$$0000000A) for .ARM.Collect$$rtentry$$0000000A
    __rtentry2.o(.ARM.exidx) refers to __rtentry2.o(.ARM.Collect$$rtentry$$0000000B) for .ARM.Collect$$rtentry$$0000000B
    __rtentry2.o(.ARM.exidx) refers to __rtentry2.o(.ARM.Collect$$rtentry$$0000000D) for .ARM.Collect$$rtentry$$0000000D
    __rtentry4.o(.ARM.Collect$$rtentry$$00000004) refers to sys_stackheap_outer.o(.text) for __user_setup_stackheap
    __rtentry4.o(.ARM.exidx) refers to __rtentry4.o(.ARM.Collect$$rtentry$$00000004) for .ARM.Collect$$rtentry$$00000004
    rt_errno_addr.o(.text) refers to rt_errno_addr.o(.bss) for __aeabi_errno_addr_data
    rt_errno_addr_intlibspace.o(.text) refers to libspace.o(.bss) for __libspace_start
    scalbn.o(x$fpl$scalbn) refers (Special) to usenofp.o(x$fpl$usenofp) for __I$use$fp
    scalbn.o(x$fpl$scalbn) refers to dcheck1.o(x$fpl$dcheck1) for __fpl_dcheck_NaN1
    fpclassify.o(i.__ARM_fpclassify) refers (Special) to usenofp.o(x$fpl$usenofp) for __I$use$fp
    poly.o(i.__kernel_poly) refers (Special) to usenofp.o(x$fpl$usenofp) for __I$use$fp
    poly.o(i.__kernel_poly) refers to dmul.o(x$fpl$dmul) for __aeabi_dmul
    poly.o(i.__kernel_poly) refers to daddsub_clz.o(x$fpl$dadd) for __aeabi_dadd
    libspace.o(.text) refers to libspace.o(.bss) for __libspace_start
    sys_stackheap_outer.o(.text) refers to libspace.o(.text) for __user_perproc_libspace
    sys_stackheap_outer.o(.text) refers to startup_stm32f10x_md.o(.text) for __user_initial_stackheap
    exit.o(.text) refers to rtexit.o(.ARM.Collect$$rtexit$$00000000) for __rt_exit
    libinit.o(.ARM.Collect$$libinit$$00000000) refers (Special) to libinit2.o(.ARM.Collect$$libinit$$0000002E) for __rt_lib_init_alloca_1
    libinit.o(.ARM.Collect$$libinit$$00000000) refers (Special) to libinit2.o(.ARM.Collect$$libinit$$0000002C) for __rt_lib_init_argv_1
    libinit.o(.ARM.Collect$$libinit$$00000000) refers (Special) to libinit2.o(.ARM.Collect$$libinit$$0000001B) for __rt_lib_init_atexit_1
    libinit.o(.ARM.Collect$$libinit$$00000000) refers (Special) to libinit2.o(.ARM.Collect$$libinit$$00000021) for __rt_lib_init_clock_1
    libinit.o(.ARM.Collect$$libinit$$00000000) refers (Special) to libinit2.o(.ARM.Collect$$libinit$$00000032) for __rt_lib_init_cpp_1
    libinit.o(.ARM.Collect$$libinit$$00000000) refers (Special) to libinit2.o(.ARM.Collect$$libinit$$00000030) for __rt_lib_init_exceptions_1
    libinit.o(.ARM.Collect$$libinit$$00000000) refers (Special) to libinit2.o(.ARM.Collect$$libinit$$00000002) for __rt_lib_init_fp_1
    libinit.o(.ARM.Collect$$libinit$$00000000) refers (Special) to libinit2.o(.ARM.Collect$$libinit$$0000001F) for __rt_lib_init_fp_trap_1
    libinit.o(.ARM.Collect$$libinit$$00000000) refers (Special) to libinit2.o(.ARM.Collect$$libinit$$00000023) for __rt_lib_init_getenv_1
    libinit.o(.ARM.Collect$$libinit$$00000000) refers (Special) to libinit2.o(.ARM.Collect$$libinit$$0000000A) for __rt_lib_init_heap_1
    libinit.o(.ARM.Collect$$libinit$$00000000) refers (Special) to libinit2.o(.ARM.Collect$$libinit$$00000011) for __rt_lib_init_lc_collate_1
    libinit.o(.ARM.Collect$$libinit$$00000000) refers (Special) to libinit2.o(.ARM.Collect$$libinit$$00000013) for __rt_lib_init_lc_ctype_1
    libinit.o(.ARM.Collect$$libinit$$00000000) refers (Special) to libinit2.o(.ARM.Collect$$libinit$$00000015) for __rt_lib_init_lc_monetary_1
    libinit.o(.ARM.Collect$$libinit$$00000000) refers (Special) to libinit2.o(.ARM.Collect$$libinit$$00000017) for __rt_lib_init_lc_numeric_1
    libinit.o(.ARM.Collect$$libinit$$00000000) refers (Special) to libinit2.o(.ARM.Collect$$libinit$$00000019) for __rt_lib_init_lc_time_1
    libinit.o(.ARM.Collect$$libinit$$00000000) refers (Special) to libinit2.o(.ARM.Collect$$libinit$$00000004) for __rt_lib_init_preinit_1
    libinit.o(.ARM.Collect$$libinit$$00000000) refers (Special) to libinit2.o(.ARM.Collect$$libinit$$0000000E) for __rt_lib_init_rand_1
    libinit.o(.ARM.Collect$$libinit$$00000000) refers (Special) to libinit2.o(.ARM.Collect$$libinit$$00000033) for __rt_lib_init_return
    libinit.o(.ARM.Collect$$libinit$$00000000) refers (Special) to libinit2.o(.ARM.Collect$$libinit$$0000001D) for __rt_lib_init_signal_1
    libinit.o(.ARM.Collect$$libinit$$00000000) refers (Special) to libinit2.o(.ARM.Collect$$libinit$$00000025) for __rt_lib_init_stdio_1
    libinit.o(.ARM.Collect$$libinit$$00000000) refers (Special) to libinit2.o(.ARM.Collect$$libinit$$0000000C) for __rt_lib_init_user_alloc_1
    dcheck1.o(x$fpl$dcheck1) refers (Special) to usenofp.o(x$fpl$usenofp) for __I$use$fp
    dcheck1.o(x$fpl$dcheck1) refers to retnan.o(x$fpl$retnan) for __fpl_return_NaN
    rtexit.o(.ARM.Collect$$rtexit$$00000000) refers (Special) to rtexit2.o(.ARM.Collect$$rtexit$$00000004) for __rt_exit_exit
    rtexit.o(.ARM.Collect$$rtexit$$00000000) refers (Special) to rtexit2.o(.ARM.Collect$$rtexit$$00000003) for __rt_exit_ls
    rtexit.o(.ARM.Collect$$rtexit$$00000000) refers (Special) to rtexit2.o(.ARM.Collect$$rtexit$$00000002) for __rt_exit_prels_1
    rtexit.o(.ARM.exidx) refers (Special) to rtexit2.o(.ARM.Collect$$rtexit$$00000004) for __rt_exit_exit
    rtexit.o(.ARM.exidx) refers (Special) to rtexit2.o(.ARM.Collect$$rtexit$$00000003) for __rt_exit_ls
    rtexit.o(.ARM.exidx) refers (Special) to rtexit2.o(.ARM.Collect$$rtexit$$00000002) for __rt_exit_prels_1
    rtexit.o(.ARM.exidx) refers to rtexit.o(.ARM.Collect$$rtexit$$00000000) for .ARM.Collect$$rtexit$$00000000
    libinit2.o(.ARM.Collect$$libinit$$00000010) refers to libinit2.o(.ARM.Collect$$libinit$$0000000F) for .ARM.Collect$$libinit$$0000000F
    libinit2.o(.ARM.Collect$$libinit$$00000012) refers to libinit2.o(.ARM.Collect$$libinit$$0000000F) for .ARM.Collect$$libinit$$0000000F
    libinit2.o(.ARM.Collect$$libinit$$00000014) refers to libinit2.o(.ARM.Collect$$libinit$$0000000F) for .ARM.Collect$$libinit$$0000000F
    libinit2.o(.ARM.Collect$$libinit$$00000016) refers to libinit2.o(.ARM.Collect$$libinit$$0000000F) for .ARM.Collect$$libinit$$0000000F
    libinit2.o(.ARM.Collect$$libinit$$00000018) refers to libinit2.o(.ARM.Collect$$libinit$$0000000F) for .ARM.Collect$$libinit$$0000000F
    libinit2.o(.ARM.Collect$$libinit$$00000026) refers to argv_veneer.o(.emb_text) for __ARM_argv_veneer
    libinit2.o(.ARM.Collect$$libinit$$00000027) refers to argv_veneer.o(.emb_text) for __ARM_argv_veneer
    retnan.o(x$fpl$retnan) refers (Special) to usenofp.o(x$fpl$usenofp) for __I$use$fp
    retnan.o(x$fpl$retnan) refers to trapv.o(x$fpl$trapveneer) for __fpl_cmpreturn
    rtexit2.o(.ARM.Collect$$rtexit$$00000003) refers to libshutdown.o(.ARM.Collect$$libshutdown$$00000000) for __rt_lib_shutdown
    rtexit2.o(.ARM.Collect$$rtexit$$00000004) refers to usart.o(.text) for _sys_exit
    rtexit2.o(.ARM.exidx) refers to rtexit2.o(.ARM.Collect$$rtexit$$00000001) for .ARM.Collect$$rtexit$$00000001
    rtexit2.o(.ARM.exidx) refers to rtexit2.o(.ARM.Collect$$rtexit$$00000003) for .ARM.Collect$$rtexit$$00000003
    rtexit2.o(.ARM.exidx) refers to rtexit2.o(.ARM.Collect$$rtexit$$00000004) for .ARM.Collect$$rtexit$$00000004
    argv_veneer.o(.emb_text) refers to no_argv.o(.text) for __ARM_get_argv
    trapv.o(x$fpl$trapveneer) refers (Special) to usenofp.o(x$fpl$usenofp) for __I$use$fp
    _get_argv_nomalloc.o(.text) refers (Special) to hrguard.o(.text) for __heap_region$guard
    _get_argv_nomalloc.o(.text) refers to defsig_rtmem_outer.o(.text) for __rt_SIGRTMEM
    _get_argv_nomalloc.o(.text) refers to sys_command.o(.text) for _sys_command_string
    libshutdown.o(.ARM.Collect$$libshutdown$$00000000) refers (Special) to libshutdown2.o(.ARM.Collect$$libshutdown$$00000002) for __rt_lib_shutdown_cpp_1
    libshutdown.o(.ARM.Collect$$libshutdown$$00000000) refers (Special) to libshutdown2.o(.ARM.Collect$$libshutdown$$00000007) for __rt_lib_shutdown_fp_trap_1
    libshutdown.o(.ARM.Collect$$libshutdown$$00000000) refers (Special) to libshutdown2.o(.ARM.Collect$$libshutdown$$0000000F) for __rt_lib_shutdown_heap_1
    libshutdown.o(.ARM.Collect$$libshutdown$$00000000) refers (Special) to libshutdown2.o(.ARM.Collect$$libshutdown$$00000010) for __rt_lib_shutdown_return
    libshutdown.o(.ARM.Collect$$libshutdown$$00000000) refers (Special) to libshutdown2.o(.ARM.Collect$$libshutdown$$0000000A) for __rt_lib_shutdown_signal_1
    libshutdown.o(.ARM.Collect$$libshutdown$$00000000) refers (Special) to libshutdown2.o(.ARM.Collect$$libshutdown$$00000004) for __rt_lib_shutdown_stdio_1
    libshutdown.o(.ARM.Collect$$libshutdown$$00000000) refers (Special) to libshutdown2.o(.ARM.Collect$$libshutdown$$0000000C) for __rt_lib_shutdown_user_alloc_1
    sys_command.o(.text) refers (Special) to use_no_semi.o(.text) for __I$use$semihosting
    sys_command.o(.text) refers (Special) to indicate_semi.o(.text) for __semihosting_library_function
    defsig_rtmem_outer.o(.text) refers to defsig_rtmem_inner.o(.text) for __rt_SIGRTMEM_inner
    defsig_rtmem_outer.o(.text) refers to defsig_exit.o(.text) for __sig_exit
    defsig_rtmem_formal.o(.text) refers to rt_raise.o(.text) for __rt_raise
    rt_raise.o(.text) refers to __raise.o(.text) for __raise
    rt_raise.o(.text) refers to usart.o(.text) for _sys_exit
    defsig_exit.o(.text) refers to usart.o(.text) for _sys_exit
    defsig_rtmem_inner.o(.text) refers to defsig_general.o(.text) for __default_signal_display
    __raise.o(.text) refers to defsig.o(CL$$defsig) for __default_signal_handler
    defsig_general.o(.text) refers to sys_wrch.o(.text) for _ttywrch
    sys_wrch.o(.text) refers (Special) to use_no_semi.o(.text) for __I$use$semihosting
    sys_wrch.o(.text) refers (Special) to indicate_semi.o(.text) for __semihosting_library_function
    defsig.o(CL$$defsig) refers to defsig_rtmem_inner.o(.text) for __rt_SIGRTMEM_inner
    defsig_abrt_inner.o(.text) refers to defsig_general.o(.text) for __default_signal_display
    defsig_fpe_inner.o(.text) refers to defsig_general.o(.text) for __default_signal_display
    defsig_rtred_inner.o(.text) refers to defsig_general.o(.text) for __default_signal_display
    defsig_stak_inner.o(.text) refers to defsig_general.o(.text) for __default_signal_display
    defsig_pvfn_inner.o(.text) refers to defsig_general.o(.text) for __default_signal_display
    defsig_cppl_inner.o(.text) refers to defsig_general.o(.text) for __default_signal_display
    defsig_segv_inner.o(.text) refers to defsig_general.o(.text) for __default_signal_display
    defsig_other.o(.text) refers to defsig_general.o(.text) for __default_signal_display


==============================================================================

Removing Unused input sections from the image.

    Removing core_cm3.o(.emb_text), (32 bytes).

1 unused section(s) (total 32 bytes) removed from the image.

==============================================================================

Image Symbol Table

    Local Symbols

    Symbol Name                              Value     Ov Type        Size  Object(Section)

    ../clib/angel/boardlib.s                 0x00000000   Number         0  boardinit3.o ABSOLUTE
    ../clib/angel/boardlib.s                 0x00000000   Number         0  boardinit2.o ABSOLUTE
    ../clib/angel/boardlib.s                 0x00000000   Number         0  boardshut.o ABSOLUTE
    ../clib/angel/boardlib.s                 0x00000000   Number         0  boardinit1.o ABSOLUTE
    ../clib/angel/dczerorl2.s                0x00000000   Number         0  __dczerorl2.o ABSOLUTE
    ../clib/angel/handlers.s                 0x00000000   Number         0  __scatter_zi.o ABSOLUTE
    ../clib/angel/kernel.s                   0x00000000   Number         0  __rtentry2.o ABSOLUTE
    ../clib/angel/kernel.s                   0x00000000   Number         0  __rtentry4.o ABSOLUTE
    ../clib/angel/kernel.s                   0x00000000   Number         0  __rtentry.o ABSOLUTE
    ../clib/angel/kernel.s                   0x00000000   Number         0  rtexit.o ABSOLUTE
    ../clib/angel/kernel.s                   0x00000000   Number         0  rtexit2.o ABSOLUTE
    ../clib/angel/rt.s                       0x00000000   Number         0  rt_raise.o ABSOLUTE
    ../clib/angel/rt.s                       0x00000000   Number         0  rt_errno_addr_intlibspace.o ABSOLUTE
    ../clib/angel/rt.s                       0x00000000   Number         0  rt_errno_addr.o ABSOLUTE
    ../clib/angel/scatter.s                  0x00000000   Number         0  __scatter.o ABSOLUTE
    ../clib/angel/startup.s                  0x00000000   Number         0  __main.o ABSOLUTE
    ../clib/angel/sys.s                      0x00000000   Number         0  indicate_semi.o ABSOLUTE
    ../clib/angel/sys.s                      0x00000000   Number         0  libspace.o ABSOLUTE
    ../clib/angel/sys.s                      0x00000000   Number         0  sys_stackheap_outer.o ABSOLUTE
    ../clib/angel/sys.s                      0x00000000   Number         0  use_no_semi_2.o ABSOLUTE
    ../clib/angel/sys.s                      0x00000000   Number         0  use_no_semi.o ABSOLUTE
    ../clib/angel/sysapp.c                   0x00000000   Number         0  sys_command.o ABSOLUTE
    ../clib/angel/sysapp.c                   0x00000000   Number         0  sys_wrch.o ABSOLUTE
    ../clib/armsys.c                         0x00000000   Number         0  argv_veneer.o ABSOLUTE
    ../clib/armsys.c                         0x00000000   Number         0  _get_argv_nomalloc.o ABSOLUTE
    ../clib/armsys.c                         0x00000000   Number         0  no_argv.o ABSOLUTE
    ../clib/armsys.c                         0x00000000   Number         0  argv_veneer.o ABSOLUTE
    ../clib/fenv.c                           0x00000000   Number         0  _rserrno.o ABSOLUTE
    ../clib/heapalloc.c                      0x00000000   Number         0  hrguard.o ABSOLUTE
    ../clib/heapaux.c                        0x00000000   Number         0  heapauxi.o ABSOLUTE
    ../clib/libinit.s                        0x00000000   Number         0  libshutdown2.o ABSOLUTE
    ../clib/libinit.s                        0x00000000   Number         0  libshutdown.o ABSOLUTE
    ../clib/libinit.s                        0x00000000   Number         0  libinit.o ABSOLUTE
    ../clib/libinit.s                        0x00000000   Number         0  libinit2.o ABSOLUTE
    ../clib/signal.c                         0x00000000   Number         0  defsig_rtred_inner.o ABSOLUTE
    ../clib/signal.c                         0x00000000   Number         0  defsig_fpe_inner.o ABSOLUTE
    ../clib/signal.c                         0x00000000   Number         0  defsig_abrt_inner.o ABSOLUTE
    ../clib/signal.c                         0x00000000   Number         0  defsig_general.o ABSOLUTE
    ../clib/signal.c                         0x00000000   Number         0  __raise.o ABSOLUTE
    ../clib/signal.c                         0x00000000   Number         0  defsig_rtmem_inner.o ABSOLUTE
    ../clib/signal.c                         0x00000000   Number         0  defsig_exit.o ABSOLUTE
    ../clib/signal.c                         0x00000000   Number         0  defsig_stak_inner.o ABSOLUTE
    ../clib/signal.c                         0x00000000   Number         0  defsig_rtmem_formal.o ABSOLUTE
    ../clib/signal.c                         0x00000000   Number         0  defsig_rtmem_outer.o ABSOLUTE
    ../clib/signal.c                         0x00000000   Number         0  defsig_other.o ABSOLUTE
    ../clib/signal.c                         0x00000000   Number         0  defsig_segv_inner.o ABSOLUTE
    ../clib/signal.c                         0x00000000   Number         0  defsig_cppl_inner.o ABSOLUTE
    ../clib/signal.c                         0x00000000   Number         0  defsig_pvfn_inner.o ABSOLUTE
    ../clib/signal.s                         0x00000000   Number         0  defsig.o ABSOLUTE
    ../clib/stdlib.c                         0x00000000   Number         0  exit.o ABSOLUTE
    ../fplib/d2f.s                           0x00000000   Number         0  d2f.o ABSOLUTE
    ../fplib/daddsub.s                       0x00000000   Number         0  daddsub_clz.o ABSOLUTE
    ../fplib/dcheck1.s                       0x00000000   Number         0  dcheck1.o ABSOLUTE
    ../fplib/ddiv.s                          0x00000000   Number         0  ddiv.o ABSOLUTE
    ../fplib/dflt.s                          0x00000000   Number         0  dflt_clz.o ABSOLUTE
    ../fplib/dmul.s                          0x00000000   Number         0  dmul.o ABSOLUTE
    ../fplib/dnaninf.s                       0x00000000   Number         0  dnaninf.o ABSOLUTE
    ../fplib/dretinf.s                       0x00000000   Number         0  dretinf.o ABSOLUTE
    ../fplib/f2d.s                           0x00000000   Number         0  f2d.o ABSOLUTE
    ../fplib/faddsub.s                       0x00000000   Number         0  faddsub_clz.o ABSOLUTE
    ../fplib/fcmpi.s                         0x00000000   Number         0  fcmpi.o ABSOLUTE
    ../fplib/fdiv.s                          0x00000000   Number         0  fdiv.o ABSOLUTE
    ../fplib/ffix.s                          0x00000000   Number         0  ffix.o ABSOLUTE
    ../fplib/ffixu.s                         0x00000000   Number         0  ffixu.o ABSOLUTE
    ../fplib/fflt.s                          0x00000000   Number         0  fflt_clz.o ABSOLUTE
    ../fplib/fleqf.s                         0x00000000   Number         0  fleqf.o ABSOLUTE
    ../fplib/fmul.s                          0x00000000   Number         0  fmul.o ABSOLUTE
    ../fplib/fnaninf.s                       0x00000000   Number         0  fnaninf.o ABSOLUTE
    ../fplib/fpinit.s                        0x00000000   Number         0  fpinit.o ABSOLUTE
    ../fplib/fretinf.s                       0x00000000   Number         0  fretinf.o ABSOLUTE
    ../fplib/frleqf.s                        0x00000000   Number         0  frleqf.o ABSOLUTE
    ../fplib/retnan.s                        0x00000000   Number         0  retnan.o ABSOLUTE
    ../fplib/scalbn.s                        0x00000000   Number         0  scalbn.o ABSOLUTE
    ../fplib/trapv.s                         0x00000000   Number         0  trapv.o ABSOLUTE
    ../fplib/usenofp.s                       0x00000000   Number         0  usenofp.o ABSOLUTE
    ../mathlib/atan.c                        0x00000000   Number         0  atan.o ABSOLUTE
    ../mathlib/atan.c                        0x00000000   Number         0  atan_x.o ABSOLUTE
    ../mathlib/atan2.c                       0x00000000   Number         0  atan2.o ABSOLUTE
    ../mathlib/atan2.c                       0x00000000   Number         0  atan2_x.o ABSOLUTE
    ../mathlib/dunder.c                      0x00000000   Number         0  dunder.o ABSOLUTE
    ../mathlib/fpclassify.c                  0x00000000   Number         0  fpclassify.o ABSOLUTE
    ../mathlib/poly.c                        0x00000000   Number         0  poly.o ABSOLUTE
    ../mathlib/qnan.c                        0x00000000   Number         0  qnan.o ABSOLUTE
    ..\CORE\core_cm3.c                       0x00000000   Number         0  core_cm3.o ABSOLUTE
    ..\HARDWARE\ADC\adc.c                    0x00000000   Number         0  adc.o ABSOLUTE
    ..\HARDWARE\CONTROL\control.c            0x00000000   Number         0  control.o ABSOLUTE
    ..\HARDWARE\ENCODER\encoder.c            0x00000000   Number         0  encoder.o ABSOLUTE
    ..\HARDWARE\I2C\I2C.c                    0x00000000   Number         0  i2c.o ABSOLUTE
    ..\HARDWARE\KEY\key.c                    0x00000000   Number         0  key.o ABSOLUTE
    ..\HARDWARE\LED\LED.C                    0x00000000   Number         0  led.o ABSOLUTE
    ..\HARDWARE\MOTOR\motor.c                0x00000000   Number         0  motor.o ABSOLUTE
    ..\HARDWARE\OLED\oled.c                  0x00000000   Number         0  oled.o ABSOLUTE
    ..\HARDWARE\STMFLASH\stmflash.c          0x00000000   Number         0  stmflash.o ABSOLUTE
    ..\HARDWARE\TIMER\timer.c                0x00000000   Number         0  timer.o ABSOLUTE
    ..\HARDWARE\mpu6050\mpu6050.c            0x00000000   Number         0  mpu6050.o ABSOLUTE
    ..\HARDWARE\show\show.c                  0x00000000   Number         0  show.o ABSOLUTE
    ..\STM32F10x_FWLib\src\stm32f10x_gpio.c  0x00000000   Number         0  stm32f10x_gpio.o ABSOLUTE
    ..\STM32F10x_FWLib\src\stm32f10x_rcc.c   0x00000000   Number         0  stm32f10x_rcc.o ABSOLUTE
    ..\SYSTEM\delay\delay.c                  0x00000000   Number         0  delay.o ABSOLUTE
    ..\SYSTEM\sys\sys.c                      0x00000000   Number         0  sys.o ABSOLUTE
    ..\SYSTEM\usart\usart.c                  0x00000000   Number         0  usart.o ABSOLUTE
    ..\\CORE\\core_cm3.c                     0x00000000   Number         0  core_cm3.o ABSOLUTE
    ..\\SYSTEM\\sys\\sys.c                   0x00000000   Number         0  sys.o ABSOLUTE
    dc.s                                     0x00000000   Number         0  dc.o ABSOLUTE
    main.c                                   0x00000000   Number         0  main.o ABSOLUTE
    startup_stm32f10x_md.s                   0x00000000   Number         0  startup_stm32f10x_md.o ABSOLUTE
    RESET                                    0x08000000   Section      236  startup_stm32f10x_md.o(RESET)
    !!!main                                  0x080000ec   Section        8  __main.o(!!!main)
    !!!scatter                               0x080000f4   Section       52  __scatter.o(!!!scatter)
    !!dczerorl2                              0x08000128   Section       90  __dczerorl2.o(!!dczerorl2)
    !!handler_zi                             0x08000184   Section       28  __scatter_zi.o(!!handler_zi)
    .ARM.Collect$$libinit$$00000000          0x080001a0   Section        2  libinit.o(.ARM.Collect$$libinit$$00000000)
    .ARM.Collect$$libinit$$00000002          0x080001a2   Section        0  libinit2.o(.ARM.Collect$$libinit$$00000002)
    .ARM.Collect$$libinit$$00000004          0x080001a2   Section        0  libinit2.o(.ARM.Collect$$libinit$$00000004)
    .ARM.Collect$$libinit$$0000000A          0x080001a2   Section        0  libinit2.o(.ARM.Collect$$libinit$$0000000A)
    .ARM.Collect$$libinit$$0000000C          0x080001a2   Section        0  libinit2.o(.ARM.Collect$$libinit$$0000000C)
    .ARM.Collect$$libinit$$0000000E          0x080001a2   Section        0  libinit2.o(.ARM.Collect$$libinit$$0000000E)
    .ARM.Collect$$libinit$$00000011          0x080001a2   Section        0  libinit2.o(.ARM.Collect$$libinit$$00000011)
    .ARM.Collect$$libinit$$00000013          0x080001a2   Section        0  libinit2.o(.ARM.Collect$$libinit$$00000013)
    .ARM.Collect$$libinit$$00000015          0x080001a2   Section        0  libinit2.o(.ARM.Collect$$libinit$$00000015)
    .ARM.Collect$$libinit$$00000017          0x080001a2   Section        0  libinit2.o(.ARM.Collect$$libinit$$00000017)
    .ARM.Collect$$libinit$$00000019          0x080001a2   Section        0  libinit2.o(.ARM.Collect$$libinit$$00000019)
    .ARM.Collect$$libinit$$0000001B          0x080001a2   Section        0  libinit2.o(.ARM.Collect$$libinit$$0000001B)
    .ARM.Collect$$libinit$$0000001D          0x080001a2   Section        0  libinit2.o(.ARM.Collect$$libinit$$0000001D)
    .ARM.Collect$$libinit$$0000001F          0x080001a2   Section        0  libinit2.o(.ARM.Collect$$libinit$$0000001F)
    .ARM.Collect$$libinit$$00000021          0x080001a2   Section        0  libinit2.o(.ARM.Collect$$libinit$$00000021)
    .ARM.Collect$$libinit$$00000023          0x080001a2   Section        0  libinit2.o(.ARM.Collect$$libinit$$00000023)
    .ARM.Collect$$libinit$$00000025          0x080001a2   Section        0  libinit2.o(.ARM.Collect$$libinit$$00000025)
    .ARM.Collect$$libinit$$0000002C          0x080001a2   Section        0  libinit2.o(.ARM.Collect$$libinit$$0000002C)
    .ARM.Collect$$libinit$$0000002E          0x080001a2   Section        0  libinit2.o(.ARM.Collect$$libinit$$0000002E)
    .ARM.Collect$$libinit$$00000030          0x080001a2   Section        0  libinit2.o(.ARM.Collect$$libinit$$00000030)
    .ARM.Collect$$libinit$$00000032          0x080001a2   Section        0  libinit2.o(.ARM.Collect$$libinit$$00000032)
    .ARM.Collect$$libinit$$00000033          0x080001a2   Section        2  libinit2.o(.ARM.Collect$$libinit$$00000033)
    .ARM.Collect$$libshutdown$$00000000      0x080001a4   Section        2  libshutdown.o(.ARM.Collect$$libshutdown$$00000000)
    .ARM.Collect$$libshutdown$$00000002      0x080001a6   Section        0  libshutdown2.o(.ARM.Collect$$libshutdown$$00000002)
    .ARM.Collect$$libshutdown$$00000004      0x080001a6   Section        0  libshutdown2.o(.ARM.Collect$$libshutdown$$00000004)
    .ARM.Collect$$libshutdown$$00000007      0x080001a6   Section        0  libshutdown2.o(.ARM.Collect$$libshutdown$$00000007)
    .ARM.Collect$$libshutdown$$0000000A      0x080001a6   Section        0  libshutdown2.o(.ARM.Collect$$libshutdown$$0000000A)
    .ARM.Collect$$libshutdown$$0000000C      0x080001a6   Section        0  libshutdown2.o(.ARM.Collect$$libshutdown$$0000000C)
    .ARM.Collect$$libshutdown$$0000000F      0x080001a6   Section        0  libshutdown2.o(.ARM.Collect$$libshutdown$$0000000F)
    .ARM.Collect$$libshutdown$$00000010      0x080001a6   Section        2  libshutdown2.o(.ARM.Collect$$libshutdown$$00000010)
    .ARM.Collect$$rtentry$$00000000          0x080001a8   Section        0  __rtentry.o(.ARM.Collect$$rtentry$$00000000)
    .ARM.Collect$$rtentry$$00000002          0x080001a8   Section        0  __rtentry2.o(.ARM.Collect$$rtentry$$00000002)
    .ARM.Collect$$rtentry$$00000004          0x080001a8   Section        6  __rtentry4.o(.ARM.Collect$$rtentry$$00000004)
    .ARM.Collect$$rtentry$$00000009          0x080001ae   Section        0  __rtentry2.o(.ARM.Collect$$rtentry$$00000009)
    .ARM.Collect$$rtentry$$0000000A          0x080001ae   Section        4  __rtentry2.o(.ARM.Collect$$rtentry$$0000000A)
    .ARM.Collect$$rtentry$$0000000C          0x080001b2   Section        0  __rtentry2.o(.ARM.Collect$$rtentry$$0000000C)
    .ARM.Collect$$rtentry$$0000000D          0x080001b2   Section        8  __rtentry2.o(.ARM.Collect$$rtentry$$0000000D)
    .ARM.Collect$$rtexit$$00000000           0x080001ba   Section        2  rtexit.o(.ARM.Collect$$rtexit$$00000000)
    .ARM.Collect$$rtexit$$00000002           0x080001bc   Section        0  rtexit2.o(.ARM.Collect$$rtexit$$00000002)
    .ARM.Collect$$rtexit$$00000003           0x080001bc   Section        4  rtexit2.o(.ARM.Collect$$rtexit$$00000003)
    .ARM.Collect$$rtexit$$00000004           0x080001c0   Section        6  rtexit2.o(.ARM.Collect$$rtexit$$00000004)
    .emb_text                                0x080001c8   Section       12  sys.o(.emb_text)
    .text                                    0x080001d4   Section       56  startup_stm32f10x_md.o(.text)
    .text                                    0x0800020c   Section        0  main.o(.text)
    .text                                    0x080003cc   Section        0  delay.o(.text)
    .text                                    0x0800047c   Section        0  sys.o(.text)
    .text                                    0x08000738   Section        0  usart.o(.text)
    .text                                    0x08000a84   Section        0  led.o(.text)
    .text                                    0x08000ae8   Section        0  key.o(.text)
    .text                                    0x08000b68   Section        0  oled.o(.text)
    .text                                    0x08001030   Section        0  adc.o(.text)
    .text                                    0x08001330   Section        0  timer.o(.text)
    .text                                    0x08001424   Section        0  motor.o(.text)
    .text                                    0x080015f4   Section        0  encoder.o(.text)
    .text                                    0x08001798   Section        0  i2c.o(.text)
    .text                                    0x08001b18   Section        0  mpu6050.o(.text)
    .text                                    0x08001dfc   Section        0  control.o(.text)
    .text                                    0x08002618   Section        0  show.o(.text)
    .text                                    0x08002978   Section        0  stmflash.o(.text)
    .text                                    0x08002bb8   Section        0  stm32f10x_gpio.o(.text)
    .text                                    0x08002f14   Section        0  stm32f10x_rcc.o(.text)
    .text                                    0x080032b8   Section        2  use_no_semi_2.o(.text)
    .text                                    0x080032ba   Section        0  heapauxi.o(.text)
    .text                                    0x080032c0   Section        2  use_no_semi.o(.text)
    .text                                    0x080032c4   Section        8  libspace.o(.text)
    .text                                    0x080032cc   Section       74  sys_stackheap_outer.o(.text)
    .text                                    0x08003316   Section        0  exit.o(.text)
    i.__ARM_fpclassify                       0x08003328   Section        0  fpclassify.o(i.__ARM_fpclassify)
    i.__kernel_poly                          0x08003350   Section        0  poly.o(i.__kernel_poly)
    i.__mathlib_dbl_infnan                   0x080033fa   Section        0  dunder.o(i.__mathlib_dbl_infnan)
    i.__mathlib_dbl_infnan2                  0x08003400   Section        0  dunder.o(i.__mathlib_dbl_infnan2)
    i.__mathlib_dbl_underflow                0x08003404   Section        0  dunder.o(i.__mathlib_dbl_underflow)
    i.atan                                   0x08003414   Section        0  atan.o(i.atan)
    i.atan2                                  0x08003634   Section        0  atan2.o(i.atan2)
    x$fpl$d2f                                0x080037b4   Section       98  d2f.o(x$fpl$d2f)
    x$fpl$dadd                               0x08003818   Section      336  daddsub_clz.o(x$fpl$dadd)
    _dadd1                                   0x08003829   Thumb Code     0  daddsub_clz.o(x$fpl$dadd)
    x$fpl$dcheck1                            0x08003968   Section       16  dcheck1.o(x$fpl$dcheck1)
    x$fpl$ddiv                               0x08003978   Section      688  ddiv.o(x$fpl$ddiv)
    ddiv_entry                               0x0800397f   Thumb Code     0  ddiv.o(x$fpl$ddiv)
    x$fpl$dflt                               0x08003c28   Section       46  dflt_clz.o(x$fpl$dflt)
    x$fpl$dmul                               0x08003c58   Section      340  dmul.o(x$fpl$dmul)
    x$fpl$dnaninf                            0x08003dac   Section      156  dnaninf.o(x$fpl$dnaninf)
    x$fpl$dretinf                            0x08003e48   Section       12  dretinf.o(x$fpl$dretinf)
    x$fpl$drsb                               0x08003e54   Section       22  daddsub_clz.o(x$fpl$drsb)
    x$fpl$dsub                               0x08003e6c   Section      468  daddsub_clz.o(x$fpl$dsub)
    _dsub1                                   0x08003e7d   Thumb Code     0  daddsub_clz.o(x$fpl$dsub)
    x$fpl$f2d                                0x08004040   Section       86  f2d.o(x$fpl$f2d)
    x$fpl$fadd                               0x08004098   Section      196  faddsub_clz.o(x$fpl$fadd)
    _fadd1                                   0x080040a7   Thumb Code     0  faddsub_clz.o(x$fpl$fadd)
    x$fpl$fcmpinf                            0x0800415c   Section       24  fcmpi.o(x$fpl$fcmpinf)
    x$fpl$fdiv                               0x08004174   Section      388  fdiv.o(x$fpl$fdiv)
    _fdiv1                                   0x08004175   Thumb Code     0  fdiv.o(x$fpl$fdiv)
    x$fpl$ffix                               0x080042f8   Section       54  ffix.o(x$fpl$ffix)
    x$fpl$ffixu                              0x08004330   Section       62  ffixu.o(x$fpl$ffixu)
    x$fpl$fflt                               0x08004370   Section       48  fflt_clz.o(x$fpl$fflt)
    x$fpl$ffltu                              0x080043a0   Section       38  fflt_clz.o(x$fpl$ffltu)
    x$fpl$fleqf                              0x080043c8   Section      104  fleqf.o(x$fpl$fleqf)
    x$fpl$fmul                               0x08004430   Section      258  fmul.o(x$fpl$fmul)
    x$fpl$fnaninf                            0x08004532   Section      140  fnaninf.o(x$fpl$fnaninf)
    x$fpl$fretinf                            0x080045be   Section       10  fretinf.o(x$fpl$fretinf)
    x$fpl$frleqf                             0x080045c8   Section       98  frleqf.o(x$fpl$frleqf)
    x$fpl$frsb                               0x0800462a   Section       20  faddsub_clz.o(x$fpl$frsb)
    x$fpl$fsub                               0x08004640   Section      234  faddsub_clz.o(x$fpl$fsub)
    _fsub1                                   0x0800464f   Thumb Code     0  faddsub_clz.o(x$fpl$fsub)
    x$fpl$retnan                             0x0800472a   Section      100  retnan.o(x$fpl$retnan)
    x$fpl$scalbn                             0x0800478e   Section       92  scalbn.o(x$fpl$scalbn)
    x$fpl$trapveneer                         0x080047ea   Section       48  trapv.o(x$fpl$trapveneer)
    .constdata                               0x0800481a   Section     2072  oled.o(.constdata)
    x$fpl$usenofp                            0x0800481a   Section        0  usenofp.o(x$fpl$usenofp)
    .constdata                               0x08005038   Section      152  atan.o(.constdata)
    atanhi                                   0x08005038   Data          32  atan.o(.constdata)
    atanlo                                   0x08005058   Data          32  atan.o(.constdata)
    aTodd                                    0x08005078   Data          40  atan.o(.constdata)
    aTeven                                   0x080050a0   Data          48  atan.o(.constdata)
    .constdata                               0x080050d0   Section        8  qnan.o(.constdata)
    .data                                    0x20000000   Section        8  main.o(.data)
    .data                                    0x20000008   Section        4  delay.o(.data)
    fac_us                                   0x20000008   Data           1  delay.o(.data)
    fac_ms                                   0x2000000a   Data           2  delay.o(.data)
    .data                                    0x2000000c   Section       10  usart.o(.data)
    .data                                    0x20000018   Section        4  led.o(.data)
    temp                                     0x20000018   Data           4  led.o(.data)
    .data                                    0x2000001c   Section      896  oled.o(.data)
    .data                                    0x2000039c   Section        5  timer.o(.data)
    .data                                    0x200003a1   Section        1  mpu6050.o(.data)
    over_flag                                0x200003a1   Data           1  mpu6050.o(.data)
    .data                                    0x200003a4   Section       64  control.o(.data)
    D_Bias                                   0x200003cc   Data           4  control.o(.data)
    Integral_bias                            0x200003d0   Data           4  control.o(.data)
    Pwm                                      0x200003d4   Data           4  control.o(.data)
    Integral_bias                            0x200003d8   Data           4  control.o(.data)
    Last_Bias                                0x200003dc   Data           4  control.o(.data)
    Encoder                                  0x200003e0   Data           4  control.o(.data)
    .data                                    0x200003e4   Section       20  stm32f10x_rcc.o(.data)
    APBAHBPrescTable                         0x200003e4   Data          16  stm32f10x_rcc.o(.data)
    ADCPrescTable                            0x200003f4   Data           4  stm32f10x_rcc.o(.data)
    .bss                                     0x200003f8   Section       40  usart.o(.bss)
    .bss                                     0x20000420   Section      104  mpu6050.o(.bss)
    .bss                                     0x20000488   Section     2048  stmflash.o(.bss)
    .bss                                     0x20000c88   Section       96  libspace.o(.bss)
    HEAP                                     0x20000ce8   Section      512  startup_stm32f10x_md.o(HEAP)
    Heap_Mem                                 0x20000ce8   Data         512  startup_stm32f10x_md.o(HEAP)
    STACK                                    0x20000ee8   Section     1024  startup_stm32f10x_md.o(STACK)
    Stack_Mem                                0x20000ee8   Data        1024  startup_stm32f10x_md.o(STACK)
    __initial_sp                             0x200012e8   Data           0  startup_stm32f10x_md.o(STACK)

    Global Symbols

    Symbol Name                              Value     Ov Type        Size  Object(Section)

    BuildAttributes$$THM_ISAv4$P$D$K$B$S$PE$A:L22UL41UL21$X:L11$S22US41US21$IEEE1$IW$USESV6$~STKCKD$USESV7$~SHL$OTIME$ROPI$IEEEX$EBA8$UX$STANDARDLIB$REQ8$PRES8$EABIv2 0x00000000   Number         0  anon$$obj.o ABSOLUTE
    __ARM_use_no_argv                        0x00000000   Number         0  main.o ABSOLUTE
    __ARM_exceptions_init                     - Undefined Weak Reference
    __alloca_initialize                       - Undefined Weak Reference
    __arm_preinit_                            - Undefined Weak Reference
    __cpp_initialize__aeabi_                  - Undefined Weak Reference
    __cxa_finalize                            - Undefined Weak Reference
    __rt_locale                               - Undefined Weak Reference
    __sigvec_lookup                           - Undefined Weak Reference
    _atexit_init                              - Undefined Weak Reference
    _call_atexit_fns                          - Undefined Weak Reference
    _clock_init                               - Undefined Weak Reference
    _fp_trap_init                             - Undefined Weak Reference
    _fp_trap_shutdown                         - Undefined Weak Reference
    _get_lc_collate                           - Undefined Weak Reference
    _get_lc_ctype                             - Undefined Weak Reference
    _get_lc_monetary                          - Undefined Weak Reference
    _get_lc_numeric                           - Undefined Weak Reference
    _get_lc_time                              - Undefined Weak Reference
    _getenv_init                              - Undefined Weak Reference
    _handle_redirection                       - Undefined Weak Reference
    _init_alloc                               - Undefined Weak Reference
    _init_user_alloc                          - Undefined Weak Reference
    _initio                                   - Undefined Weak Reference
    _rand_init                                - Undefined Weak Reference
    _signal_finish                            - Undefined Weak Reference
    _signal_init                              - Undefined Weak Reference
    _terminate_alloc                          - Undefined Weak Reference
    _terminate_user_alloc                     - Undefined Weak Reference
    _terminateio                              - Undefined Weak Reference
    __Vectors_Size                           0x000000ec   Number         0  startup_stm32f10x_md.o ABSOLUTE
    __Vectors                                0x08000000   Data           4  startup_stm32f10x_md.o(RESET)
    __Vectors_End                            0x080000ec   Data           0  startup_stm32f10x_md.o(RESET)
    __main                                   0x080000ed   Thumb Code     8  __main.o(!!!main)
    __scatterload                            0x080000f5   Thumb Code     0  __scatter.o(!!!scatter)
    __scatterload_rt2                        0x080000f5   Thumb Code    44  __scatter.o(!!!scatter)
    __scatterload_rt2_thumb_only             0x080000f5   Thumb Code     0  __scatter.o(!!!scatter)
    __scatterload_null                       0x08000103   Thumb Code     0  __scatter.o(!!!scatter)
    __decompress                             0x08000129   Thumb Code    90  __dczerorl2.o(!!dczerorl2)
    __decompress1                            0x08000129   Thumb Code     0  __dczerorl2.o(!!dczerorl2)
    __scatterload_zeroinit                   0x08000185   Thumb Code    28  __scatter_zi.o(!!handler_zi)
    __rt_lib_init                            0x080001a1   Thumb Code     0  libinit.o(.ARM.Collect$$libinit$$00000000)
    __rt_lib_init_alloca_1                   0x080001a3   Thumb Code     0  libinit2.o(.ARM.Collect$$libinit$$0000002E)
    __rt_lib_init_argv_1                     0x080001a3   Thumb Code     0  libinit2.o(.ARM.Collect$$libinit$$0000002C)
    __rt_lib_init_atexit_1                   0x080001a3   Thumb Code     0  libinit2.o(.ARM.Collect$$libinit$$0000001B)
    __rt_lib_init_clock_1                    0x080001a3   Thumb Code     0  libinit2.o(.ARM.Collect$$libinit$$00000021)
    __rt_lib_init_cpp_1                      0x080001a3   Thumb Code     0  libinit2.o(.ARM.Collect$$libinit$$00000032)
    __rt_lib_init_exceptions_1               0x080001a3   Thumb Code     0  libinit2.o(.ARM.Collect$$libinit$$00000030)
    __rt_lib_init_fp_1                       0x080001a3   Thumb Code     0  libinit2.o(.ARM.Collect$$libinit$$00000002)
    __rt_lib_init_fp_trap_1                  0x080001a3   Thumb Code     0  libinit2.o(.ARM.Collect$$libinit$$0000001F)
    __rt_lib_init_getenv_1                   0x080001a3   Thumb Code     0  libinit2.o(.ARM.Collect$$libinit$$00000023)
    __rt_lib_init_heap_1                     0x080001a3   Thumb Code     0  libinit2.o(.ARM.Collect$$libinit$$0000000A)
    __rt_lib_init_lc_collate_1               0x080001a3   Thumb Code     0  libinit2.o(.ARM.Collect$$libinit$$00000011)
    __rt_lib_init_lc_ctype_1                 0x080001a3   Thumb Code     0  libinit2.o(.ARM.Collect$$libinit$$00000013)
    __rt_lib_init_lc_monetary_1              0x080001a3   Thumb Code     0  libinit2.o(.ARM.Collect$$libinit$$00000015)
    __rt_lib_init_lc_numeric_1               0x080001a3   Thumb Code     0  libinit2.o(.ARM.Collect$$libinit$$00000017)
    __rt_lib_init_lc_time_1                  0x080001a3   Thumb Code     0  libinit2.o(.ARM.Collect$$libinit$$00000019)
    __rt_lib_init_preinit_1                  0x080001a3   Thumb Code     0  libinit2.o(.ARM.Collect$$libinit$$00000004)
    __rt_lib_init_rand_1                     0x080001a3   Thumb Code     0  libinit2.o(.ARM.Collect$$libinit$$0000000E)
    __rt_lib_init_return                     0x080001a3   Thumb Code     0  libinit2.o(.ARM.Collect$$libinit$$00000033)
    __rt_lib_init_signal_1                   0x080001a3   Thumb Code     0  libinit2.o(.ARM.Collect$$libinit$$0000001D)
    __rt_lib_init_stdio_1                    0x080001a3   Thumb Code     0  libinit2.o(.ARM.Collect$$libinit$$00000025)
    __rt_lib_init_user_alloc_1               0x080001a3   Thumb Code     0  libinit2.o(.ARM.Collect$$libinit$$0000000C)
    __rt_lib_shutdown                        0x080001a5   Thumb Code     0  libshutdown.o(.ARM.Collect$$libshutdown$$00000000)
    __rt_lib_shutdown_cpp_1                  0x080001a7   Thumb Code     0  libshutdown2.o(.ARM.Collect$$libshutdown$$00000002)
    __rt_lib_shutdown_fp_trap_1              0x080001a7   Thumb Code     0  libshutdown2.o(.ARM.Collect$$libshutdown$$00000007)
    __rt_lib_shutdown_heap_1                 0x080001a7   Thumb Code     0  libshutdown2.o(.ARM.Collect$$libshutdown$$0000000F)
    __rt_lib_shutdown_return                 0x080001a7   Thumb Code     0  libshutdown2.o(.ARM.Collect$$libshutdown$$00000010)
    __rt_lib_shutdown_signal_1               0x080001a7   Thumb Code     0  libshutdown2.o(.ARM.Collect$$libshutdown$$0000000A)
    __rt_lib_shutdown_stdio_1                0x080001a7   Thumb Code     0  libshutdown2.o(.ARM.Collect$$libshutdown$$00000004)
    __rt_lib_shutdown_user_alloc_1           0x080001a7   Thumb Code     0  libshutdown2.o(.ARM.Collect$$libshutdown$$0000000C)
    __rt_entry                               0x080001a9   Thumb Code     0  __rtentry.o(.ARM.Collect$$rtentry$$00000000)
    __rt_entry_presh_1                       0x080001a9   Thumb Code     0  __rtentry2.o(.ARM.Collect$$rtentry$$00000002)
    __rt_entry_sh                            0x080001a9   Thumb Code     0  __rtentry4.o(.ARM.Collect$$rtentry$$00000004)
    __rt_entry_li                            0x080001af   Thumb Code     0  __rtentry2.o(.ARM.Collect$$rtentry$$0000000A)
    __rt_entry_postsh_1                      0x080001af   Thumb Code     0  __rtentry2.o(.ARM.Collect$$rtentry$$00000009)
    __rt_entry_main                          0x080001b3   Thumb Code     0  __rtentry2.o(.ARM.Collect$$rtentry$$0000000D)
    __rt_entry_postli_1                      0x080001b3   Thumb Code     0  __rtentry2.o(.ARM.Collect$$rtentry$$0000000C)
    __rt_exit                                0x080001bb   Thumb Code     0  rtexit.o(.ARM.Collect$$rtexit$$00000000)
    __rt_exit_ls                             0x080001bd   Thumb Code     0  rtexit2.o(.ARM.Collect$$rtexit$$00000003)
    __rt_exit_prels_1                        0x080001bd   Thumb Code     0  rtexit2.o(.ARM.Collect$$rtexit$$00000002)
    __rt_exit_exit                           0x080001c1   Thumb Code     0  rtexit2.o(.ARM.Collect$$rtexit$$00000004)
    WFI_SET                                  0x080001c9   Thumb Code     2  sys.o(.emb_text)
    INTX_DISABLE                             0x080001cb   Thumb Code     2  sys.o(.emb_text)
    INTX_ENABLE                              0x080001cd   Thumb Code     2  sys.o(.emb_text)
    MSR_MSP                                  0x080001cf   Thumb Code     6  sys.o(.emb_text)
    Reset_Handler                            0x080001d5   Thumb Code     4  startup_stm32f10x_md.o(.text)
    NMI_Handler                              0x080001d9   Thumb Code     2  startup_stm32f10x_md.o(.text)
    HardFault_Handler                        0x080001db   Thumb Code     2  startup_stm32f10x_md.o(.text)
    MemManage_Handler                        0x080001dd   Thumb Code     2  startup_stm32f10x_md.o(.text)
    BusFault_Handler                         0x080001df   Thumb Code     2  startup_stm32f10x_md.o(.text)
    UsageFault_Handler                       0x080001e1   Thumb Code     2  startup_stm32f10x_md.o(.text)
    SVC_Handler                              0x080001e3   Thumb Code     2  startup_stm32f10x_md.o(.text)
    DebugMon_Handler                         0x080001e5   Thumb Code     2  startup_stm32f10x_md.o(.text)
    PendSV_Handler                           0x080001e7   Thumb Code     2  startup_stm32f10x_md.o(.text)
    SysTick_Handler                          0x080001e9   Thumb Code     2  startup_stm32f10x_md.o(.text)
    ADC1_2_IRQHandler                        0x080001eb   Thumb Code     0  startup_stm32f10x_md.o(.text)
    CAN1_RX1_IRQHandler                      0x080001eb   Thumb Code     0  startup_stm32f10x_md.o(.text)
    CAN1_SCE_IRQHandler                      0x080001eb   Thumb Code     0  startup_stm32f10x_md.o(.text)
    DMA1_Channel1_IRQHandler                 0x080001eb   Thumb Code     0  startup_stm32f10x_md.o(.text)
    DMA1_Channel2_IRQHandler                 0x080001eb   Thumb Code     0  startup_stm32f10x_md.o(.text)
    DMA1_Channel3_IRQHandler                 0x080001eb   Thumb Code     0  startup_stm32f10x_md.o(.text)
    DMA1_Channel4_IRQHandler                 0x080001eb   Thumb Code     0  startup_stm32f10x_md.o(.text)
    DMA1_Channel5_IRQHandler                 0x080001eb   Thumb Code     0  startup_stm32f10x_md.o(.text)
    DMA1_Channel6_IRQHandler                 0x080001eb   Thumb Code     0  startup_stm32f10x_md.o(.text)
    DMA1_Channel7_IRQHandler                 0x080001eb   Thumb Code     0  startup_stm32f10x_md.o(.text)
    EXTI0_IRQHandler                         0x080001eb   Thumb Code     0  startup_stm32f10x_md.o(.text)
    EXTI15_10_IRQHandler                     0x080001eb   Thumb Code     0  startup_stm32f10x_md.o(.text)
    EXTI1_IRQHandler                         0x080001eb   Thumb Code     0  startup_stm32f10x_md.o(.text)
    EXTI2_IRQHandler                         0x080001eb   Thumb Code     0  startup_stm32f10x_md.o(.text)
    EXTI3_IRQHandler                         0x080001eb   Thumb Code     0  startup_stm32f10x_md.o(.text)
    EXTI4_IRQHandler                         0x080001eb   Thumb Code     0  startup_stm32f10x_md.o(.text)
    EXTI9_5_IRQHandler                       0x080001eb   Thumb Code     0  startup_stm32f10x_md.o(.text)
    FLASH_IRQHandler                         0x080001eb   Thumb Code     0  startup_stm32f10x_md.o(.text)
    I2C1_ER_IRQHandler                       0x080001eb   Thumb Code     0  startup_stm32f10x_md.o(.text)
    I2C1_EV_IRQHandler                       0x080001eb   Thumb Code     0  startup_stm32f10x_md.o(.text)
    I2C2_ER_IRQHandler                       0x080001eb   Thumb Code     0  startup_stm32f10x_md.o(.text)
    I2C2_EV_IRQHandler                       0x080001eb   Thumb Code     0  startup_stm32f10x_md.o(.text)
    PVD_IRQHandler                           0x080001eb   Thumb Code     0  startup_stm32f10x_md.o(.text)
    RCC_IRQHandler                           0x080001eb   Thumb Code     0  startup_stm32f10x_md.o(.text)
    RTCAlarm_IRQHandler                      0x080001eb   Thumb Code     0  startup_stm32f10x_md.o(.text)
    RTC_IRQHandler                           0x080001eb   Thumb Code     0  startup_stm32f10x_md.o(.text)
    SPI1_IRQHandler                          0x080001eb   Thumb Code     0  startup_stm32f10x_md.o(.text)
    SPI2_IRQHandler                          0x080001eb   Thumb Code     0  startup_stm32f10x_md.o(.text)
    TAMPER_IRQHandler                        0x080001eb   Thumb Code     0  startup_stm32f10x_md.o(.text)
    TIM1_BRK_IRQHandler                      0x080001eb   Thumb Code     0  startup_stm32f10x_md.o(.text)
    TIM1_CC_IRQHandler                       0x080001eb   Thumb Code     0  startup_stm32f10x_md.o(.text)
    TIM1_TRG_COM_IRQHandler                  0x080001eb   Thumb Code     0  startup_stm32f10x_md.o(.text)
    TIM3_IRQHandler                          0x080001eb   Thumb Code     0  startup_stm32f10x_md.o(.text)
    TIM4_IRQHandler                          0x080001eb   Thumb Code     0  startup_stm32f10x_md.o(.text)
    USART3_IRQHandler                        0x080001eb   Thumb Code     0  startup_stm32f10x_md.o(.text)
    USBWakeUp_IRQHandler                     0x080001eb   Thumb Code     0  startup_stm32f10x_md.o(.text)
    USB_HP_CAN1_TX_IRQHandler                0x080001eb   Thumb Code     0  startup_stm32f10x_md.o(.text)
    USB_LP_CAN1_RX0_IRQHandler               0x080001eb   Thumb Code     0  startup_stm32f10x_md.o(.text)
    WWDG_IRQHandler                          0x080001eb   Thumb Code     0  startup_stm32f10x_md.o(.text)
    __user_initial_stackheap                 0x080001ed   Thumb Code     0  startup_stm32f10x_md.o(.text)
    main                                     0x0800020d   Thumb Code   392  main.o(.text)
    delay_init                               0x080003cd   Thumb Code    56  delay.o(.text)
    delay_us                                 0x08000405   Thumb Code    56  delay.o(.text)
    delay_ms                                 0x0800043d   Thumb Code    56  delay.o(.text)
    MY_NVIC_SetVectorTable                   0x0800047d   Thumb Code    12  sys.o(.text)
    MY_NVIC_PriorityGroupConfig              0x08000489   Thumb Code    36  sys.o(.text)
    MY_NVIC_Init                             0x080004ad   Thumb Code   116  sys.o(.text)
    Ex_NVIC_Config                           0x08000521   Thumb Code   146  sys.o(.text)
    MYRCC_DeInit                             0x080005b3   Thumb Code    90  sys.o(.text)
    Sys_Standby                              0x0800060d   Thumb Code    68  sys.o(.text)
    Sys_Soft_Reset                           0x08000651   Thumb Code    12  sys.o(.text)
    JTAG_Set                                 0x0800065d   Thumb Code    42  sys.o(.text)
    Stm32_Clock_Init                         0x08000687   Thumb Code   134  sys.o(.text)
    _sys_exit                                0x08000739   Thumb Code     6  usart.o(.text)
    usart1_send                              0x0800073f   Thumb Code    22  usart.o(.text)
    usart2_send                              0x08000755   Thumb Code    22  usart.o(.text)
    uart_init                                0x0800076b   Thumb Code   214  usart.o(.text)
    uart2_init                               0x08000841   Thumb Code   234  usart.o(.text)
    USART1_IRQHandler                        0x0800092b   Thumb Code   144  usart.o(.text)
    USART2_IRQHandler                        0x080009bb   Thumb Code   158  usart.o(.text)
    LED_Init                                 0x08000a85   Thumb Code    36  led.o(.text)
    Led_Flash                                0x08000aa9   Thumb Code    44  led.o(.text)
    KEY_Init                                 0x08000ae9   Thumb Code    52  key.o(.text)
    key_read                                 0x08000b1d   Thumb Code    62  key.o(.text)
    IICO_Start                               0x08000b69   Thumb Code    44  oled.o(.text)
    IICO_Stop                                0x08000b95   Thumb Code    34  oled.o(.text)
    IICO_Wait_Ack                            0x08000bb7   Thumb Code    24  oled.o(.text)
    Write_IIC_Byte                           0x08000bcf   Thumb Code    88  oled.o(.text)
    Write_IIC_Command                        0x08000c27   Thumb Code    44  oled.o(.text)
    Write_IIC_Data                           0x08000c53   Thumb Code    44  oled.o(.text)
    OLED_WR_Byte                             0x08000c7f   Thumb Code    24  oled.o(.text)
    OLED_Set_Pos                             0x08000c97   Thumb Code    40  oled.o(.text)
    OLED_Display_On                          0x08000cbf   Thumb Code    28  oled.o(.text)
    OLED_Display_Off                         0x08000cdb   Thumb Code    28  oled.o(.text)
    OLED_On                                  0x08000cf7   Thumb Code    62  oled.o(.text)
    OLED_ShowChar                            0x08000d35   Thumb Code   154  oled.o(.text)
    oled_pow                                 0x08000dcf   Thumb Code    22  oled.o(.text)
    OLED_ShowNum                             0x08000de5   Thumb Code   136  oled.o(.text)
    OLED_ShowString                          0x08000e6d   Thumb Code    58  oled.o(.text)
    OLED_ShowCHinese                         0x08000ea7   Thumb Code    98  oled.o(.text)
    OLED_Init                                0x08000f09   Thumb Code   294  oled.o(.text)
    Baterry_Adc_Init                         0x08001031   Thumb Code   282  adc.o(.text)
    Get_Adc                                  0x0800114b   Thumb Code    68  adc.o(.text)
    Get_battery_volt                         0x0800118f   Thumb Code    58  adc.o(.text)
    Angle_Adc_Init                           0x080011c9   Thumb Code   290  adc.o(.text)
    Get_Adc_Average                          0x080012eb   Thumb Code    46  adc.o(.text)
    Timer1_Init                              0x08001331   Thumb Code    82  timer.o(.text)
    Timer2_Init                              0x08001383   Thumb Code    58  timer.o(.text)
    TIM2_IRQHandler                          0x080013bd   Thumb Code    82  timer.o(.text)
    MiniBalance_Motor_Init                   0x08001425   Thumb Code    96  motor.o(.text)
    MiniBalance_PWM_Init                     0x08001485   Thumb Code   236  motor.o(.text)
    Server_PWM_Init                          0x08001571   Thumb Code   108  motor.o(.text)
    Encoder_Init_TIM2                        0x080015f5   Thumb Code   190  encoder.o(.text)
    Encoder_Init_TIM4                        0x080016b3   Thumb Code   136  encoder.o(.text)
    Read_Encoder                             0x0800173b   Thumb Code    74  encoder.o(.text)
    I2C_Delay                                0x08001799   Thumb Code    10  i2c.o(.text)
    I2C_init                                 0x080017a3   Thumb Code    46  i2c.o(.text)
    I2C_Start                                0x080017d1   Thumb Code    60  i2c.o(.text)
    I2C_Stop                                 0x0800180d   Thumb Code    62  i2c.o(.text)
    I2C_Wait_Ack                             0x0800184b   Thumb Code    86  i2c.o(.text)
    I2C_Ack                                  0x080018a1   Thumb Code    66  i2c.o(.text)
    I2C_NAck                                 0x080018e3   Thumb Code    66  i2c.o(.text)
    I2C_Send_Byte                            0x08001925   Thumb Code    82  i2c.o(.text)
    I2C_Read_Byte                            0x08001977   Thumb Code    96  i2c.o(.text)
    Single_Write                             0x080019d7   Thumb Code    56  i2c.o(.text)
    Single_Read                              0x08001a0f   Thumb Code    72  i2c.o(.text)
    MPU_Write_Len                            0x08001a57   Thumb Code    76  i2c.o(.text)
    MPU_Read_Len                             0x08001aa3   Thumb Code   106  i2c.o(.text)
    MPU_Init                                 0x08001b19   Thumb Code   110  mpu6050.o(.text)
    MPU_Getdata                              0x08001b87   Thumb Code   236  mpu6050.o(.text)
    MPU_Offset                               0x08001c73   Thumb Code   384  mpu6050.o(.text)
    Yijielvbo_X                              0x08001dfd   Thumb Code   110  control.o(.text)
    Get_Angle                                0x08001e6b   Thumb Code   544  control.o(.text)
    myabs                                    0x0800208b   Thumb Code    14  control.o(.text)
    Set_Pwm                                  0x08002099   Thumb Code    84  control.o(.text)
    Xianfu_Pwm                               0x080020ed   Thumb Code    64  control.o(.text)
    velocity_x                               0x0800212d   Thumb Code   348  control.o(.text)
    balance_x                                0x08002289   Thumb Code   146  control.o(.text)
    TIM1_UP_IRQHandler                       0x0800231b   Thumb Code   604  control.o(.text)
    oled_show                                0x08002619   Thumb Code   694  show.o(.text)
    fill_picture                             0x080028cf   Thumb Code    64  show.o(.text)
    STMFLASH_Unlock                          0x08002979   Thumb Code    12  stmflash.o(.text)
    STMFLASH_Lock                            0x08002985   Thumb Code    14  stmflash.o(.text)
    STMFLASH_GetStatus                       0x08002993   Thumb Code    38  stmflash.o(.text)
    STMFLASH_WaitDone                        0x080029b9   Thumb Code    42  stmflash.o(.text)
    STMFLASH_ErasePage                       0x080029e3   Thumb Code    72  stmflash.o(.text)
    STMFLASH_WriteHalfWord                   0x08002a2b   Thumb Code    58  stmflash.o(.text)
    STMFLASH_ReadHalfWord                    0x08002a65   Thumb Code     6  stmflash.o(.text)
    STMFLASH_Write_NoCheck                   0x08002a6b   Thumb Code    38  stmflash.o(.text)
    STMFLASH_Read                            0x08002a91   Thumb Code    34  stmflash.o(.text)
    STMFLASH_Write                           0x08002ab3   Thumb Code   224  stmflash.o(.text)
    Test_Write                               0x08002b93   Thumb Code    16  stmflash.o(.text)
    GPIO_DeInit                              0x08002bb9   Thumb Code   172  stm32f10x_gpio.o(.text)
    GPIO_AFIODeInit                          0x08002c65   Thumb Code    20  stm32f10x_gpio.o(.text)
    GPIO_Init                                0x08002c79   Thumb Code   278  stm32f10x_gpio.o(.text)
    GPIO_StructInit                          0x08002d8f   Thumb Code    16  stm32f10x_gpio.o(.text)
    GPIO_ReadInputDataBit                    0x08002d9f   Thumb Code    18  stm32f10x_gpio.o(.text)
    GPIO_ReadInputData                       0x08002db1   Thumb Code     8  stm32f10x_gpio.o(.text)
    GPIO_ReadOutputDataBit                   0x08002db9   Thumb Code    18  stm32f10x_gpio.o(.text)
    GPIO_ReadOutputData                      0x08002dcb   Thumb Code     8  stm32f10x_gpio.o(.text)
    GPIO_SetBits                             0x08002dd3   Thumb Code     4  stm32f10x_gpio.o(.text)
    GPIO_ResetBits                           0x08002dd7   Thumb Code     4  stm32f10x_gpio.o(.text)
    GPIO_WriteBit                            0x08002ddb   Thumb Code    10  stm32f10x_gpio.o(.text)
    GPIO_Write                               0x08002de5   Thumb Code     4  stm32f10x_gpio.o(.text)
    GPIO_PinLockConfig                       0x08002de9   Thumb Code    18  stm32f10x_gpio.o(.text)
    GPIO_EventOutputConfig                   0x08002dfb   Thumb Code    26  stm32f10x_gpio.o(.text)
    GPIO_EventOutputCmd                      0x08002e15   Thumb Code     6  stm32f10x_gpio.o(.text)
    GPIO_PinRemapConfig                      0x08002e1b   Thumb Code   138  stm32f10x_gpio.o(.text)
    GPIO_EXTILineConfig                      0x08002ea5   Thumb Code    66  stm32f10x_gpio.o(.text)
    GPIO_ETH_MediaInterfaceConfig            0x08002ee7   Thumb Code     8  stm32f10x_gpio.o(.text)
    RCC_DeInit                               0x08002f15   Thumb Code    64  stm32f10x_rcc.o(.text)
    RCC_HSEConfig                            0x08002f55   Thumb Code    70  stm32f10x_rcc.o(.text)
    RCC_GetFlagStatus                        0x08002f9b   Thumb Code    56  stm32f10x_rcc.o(.text)
    RCC_WaitForHSEStartUp                    0x08002fd3   Thumb Code    56  stm32f10x_rcc.o(.text)
    RCC_AdjustHSICalibrationValue            0x0800300b   Thumb Code    20  stm32f10x_rcc.o(.text)
    RCC_HSICmd                               0x0800301f   Thumb Code     6  stm32f10x_rcc.o(.text)
    RCC_PLLConfig                            0x08003025   Thumb Code    24  stm32f10x_rcc.o(.text)
    RCC_PLLCmd                               0x0800303d   Thumb Code     6  stm32f10x_rcc.o(.text)
    RCC_SYSCLKConfig                         0x08003043   Thumb Code    18  stm32f10x_rcc.o(.text)
    RCC_GetSYSCLKSource                      0x08003055   Thumb Code    10  stm32f10x_rcc.o(.text)
    RCC_HCLKConfig                           0x0800305f   Thumb Code    18  stm32f10x_rcc.o(.text)
    RCC_PCLK1Config                          0x08003071   Thumb Code    18  stm32f10x_rcc.o(.text)
    RCC_PCLK2Config                          0x08003083   Thumb Code    20  stm32f10x_rcc.o(.text)
    RCC_ITConfig                             0x08003097   Thumb Code    26  stm32f10x_rcc.o(.text)
    RCC_USBCLKConfig                         0x080030b1   Thumb Code     8  stm32f10x_rcc.o(.text)
    RCC_ADCCLKConfig                         0x080030b9   Thumb Code    18  stm32f10x_rcc.o(.text)
    RCC_LSEConfig                            0x080030cb   Thumb Code    50  stm32f10x_rcc.o(.text)
    RCC_LSICmd                               0x080030fd   Thumb Code     6  stm32f10x_rcc.o(.text)
    RCC_RTCCLKConfig                         0x08003103   Thumb Code    12  stm32f10x_rcc.o(.text)
    RCC_RTCCLKCmd                            0x0800310f   Thumb Code     8  stm32f10x_rcc.o(.text)
    RCC_GetClocksFreq                        0x08003117   Thumb Code   192  stm32f10x_rcc.o(.text)
    RCC_AHBPeriphClockCmd                    0x080031d7   Thumb Code    26  stm32f10x_rcc.o(.text)
    RCC_APB2PeriphClockCmd                   0x080031f1   Thumb Code    26  stm32f10x_rcc.o(.text)
    RCC_APB1PeriphClockCmd                   0x0800320b   Thumb Code    26  stm32f10x_rcc.o(.text)
    RCC_APB2PeriphResetCmd                   0x08003225   Thumb Code    26  stm32f10x_rcc.o(.text)
    RCC_APB1PeriphResetCmd                   0x0800323f   Thumb Code    26  stm32f10x_rcc.o(.text)
    RCC_BackupResetCmd                       0x08003259   Thumb Code     8  stm32f10x_rcc.o(.text)
    RCC_ClockSecuritySystemCmd               0x08003261   Thumb Code     6  stm32f10x_rcc.o(.text)
    RCC_MCOConfig                            0x08003267   Thumb Code     6  stm32f10x_rcc.o(.text)
    RCC_ClearFlag                            0x0800326d   Thumb Code    14  stm32f10x_rcc.o(.text)
    RCC_GetITStatus                          0x0800327b   Thumb Code    20  stm32f10x_rcc.o(.text)
    RCC_ClearITPendingBit                    0x0800328f   Thumb Code     6  stm32f10x_rcc.o(.text)
    __use_no_semihosting                     0x080032b9   Thumb Code     2  use_no_semi_2.o(.text)
    __use_two_region_memory                  0x080032bb   Thumb Code     2  heapauxi.o(.text)
    __rt_heap_escrow$2region                 0x080032bd   Thumb Code     2  heapauxi.o(.text)
    __rt_heap_expand$2region                 0x080032bf   Thumb Code     2  heapauxi.o(.text)
    __I$use$semihosting                      0x080032c1   Thumb Code     0  use_no_semi.o(.text)
    __use_no_semihosting_swi                 0x080032c1   Thumb Code     2  use_no_semi.o(.text)
    __user_libspace                          0x080032c5   Thumb Code     8  libspace.o(.text)
    __user_perproc_libspace                  0x080032c5   Thumb Code     0  libspace.o(.text)
    __user_perthread_libspace                0x080032c5   Thumb Code     0  libspace.o(.text)
    __user_setup_stackheap                   0x080032cd   Thumb Code    74  sys_stackheap_outer.o(.text)
    exit                                     0x08003317   Thumb Code    18  exit.o(.text)
    __ARM_fpclassify                         0x08003329   Thumb Code    40  fpclassify.o(i.__ARM_fpclassify)
    __kernel_poly                            0x08003351   Thumb Code   170  poly.o(i.__kernel_poly)
    __mathlib_dbl_infnan                     0x080033fb   Thumb Code     6  dunder.o(i.__mathlib_dbl_infnan)
    __mathlib_dbl_infnan2                    0x08003401   Thumb Code     4  dunder.o(i.__mathlib_dbl_infnan2)
    __mathlib_dbl_underflow                  0x08003405   Thumb Code    10  dunder.o(i.__mathlib_dbl_underflow)
    atan                                     0x08003415   Thumb Code   474  atan.o(i.atan)
    atan2                                    0x08003635   Thumb Code   346  atan2.o(i.atan2)
    __aeabi_d2f                              0x080037b5   Thumb Code     0  d2f.o(x$fpl$d2f)
    _d2f                                     0x080037b5   Thumb Code    98  d2f.o(x$fpl$d2f)
    __aeabi_dadd                             0x08003819   Thumb Code     0  daddsub_clz.o(x$fpl$dadd)
    _dadd                                    0x08003819   Thumb Code   332  daddsub_clz.o(x$fpl$dadd)
    __fpl_dcheck_NaN1                        0x08003969   Thumb Code    10  dcheck1.o(x$fpl$dcheck1)
    __aeabi_ddiv                             0x08003979   Thumb Code     0  ddiv.o(x$fpl$ddiv)
    _ddiv                                    0x08003979   Thumb Code   552  ddiv.o(x$fpl$ddiv)
    __aeabi_i2d                              0x08003c29   Thumb Code     0  dflt_clz.o(x$fpl$dflt)
    _dflt                                    0x08003c29   Thumb Code    46  dflt_clz.o(x$fpl$dflt)
    __aeabi_dmul                             0x08003c59   Thumb Code     0  dmul.o(x$fpl$dmul)
    _dmul                                    0x08003c59   Thumb Code   332  dmul.o(x$fpl$dmul)
    __fpl_dnaninf                            0x08003dad   Thumb Code   156  dnaninf.o(x$fpl$dnaninf)
    __fpl_dretinf                            0x08003e49   Thumb Code    12  dretinf.o(x$fpl$dretinf)
    __aeabi_drsub                            0x08003e55   Thumb Code     0  daddsub_clz.o(x$fpl$drsb)
    _drsb                                    0x08003e55   Thumb Code    22  daddsub_clz.o(x$fpl$drsb)
    __aeabi_dsub                             0x08003e6d   Thumb Code     0  daddsub_clz.o(x$fpl$dsub)
    _dsub                                    0x08003e6d   Thumb Code   464  daddsub_clz.o(x$fpl$dsub)
    __aeabi_f2d                              0x08004041   Thumb Code     0  f2d.o(x$fpl$f2d)
    _f2d                                     0x08004041   Thumb Code    86  f2d.o(x$fpl$f2d)
    __aeabi_fadd                             0x08004099   Thumb Code     0  faddsub_clz.o(x$fpl$fadd)
    _fadd                                    0x08004099   Thumb Code   196  faddsub_clz.o(x$fpl$fadd)
    __fpl_fcmp_Inf                           0x0800415d   Thumb Code    24  fcmpi.o(x$fpl$fcmpinf)
    __aeabi_fdiv                             0x08004175   Thumb Code     0  fdiv.o(x$fpl$fdiv)
    _fdiv                                    0x08004175   Thumb Code   384  fdiv.o(x$fpl$fdiv)
    __aeabi_f2iz                             0x080042f9   Thumb Code     0  ffix.o(x$fpl$ffix)
    _ffix                                    0x080042f9   Thumb Code    54  ffix.o(x$fpl$ffix)
    __aeabi_f2uiz                            0x08004331   Thumb Code     0  ffixu.o(x$fpl$ffixu)
    _ffixu                                   0x08004331   Thumb Code    62  ffixu.o(x$fpl$ffixu)
    __aeabi_i2f                              0x08004371   Thumb Code     0  fflt_clz.o(x$fpl$fflt)
    _fflt                                    0x08004371   Thumb Code    48  fflt_clz.o(x$fpl$fflt)
    __aeabi_ui2f                             0x080043a1   Thumb Code     0  fflt_clz.o(x$fpl$ffltu)
    _ffltu                                   0x080043a1   Thumb Code    38  fflt_clz.o(x$fpl$ffltu)
    __aeabi_cfcmple                          0x080043c9   Thumb Code     0  fleqf.o(x$fpl$fleqf)
    _fcmple                                  0x080043c9   Thumb Code   104  fleqf.o(x$fpl$fleqf)
    __fpl_fcmple_InfNaN                      0x0800441b   Thumb Code     0  fleqf.o(x$fpl$fleqf)
    __aeabi_fmul                             0x08004431   Thumb Code     0  fmul.o(x$fpl$fmul)
    _fmul                                    0x08004431   Thumb Code   258  fmul.o(x$fpl$fmul)
    __fpl_fnaninf                            0x08004533   Thumb Code   140  fnaninf.o(x$fpl$fnaninf)
    __fpl_fretinf                            0x080045bf   Thumb Code    10  fretinf.o(x$fpl$fretinf)
    __aeabi_cfrcmple                         0x080045c9   Thumb Code     0  frleqf.o(x$fpl$frleqf)
    _frcmple                                 0x080045c9   Thumb Code    98  frleqf.o(x$fpl$frleqf)
    __aeabi_frsub                            0x0800462b   Thumb Code     0  faddsub_clz.o(x$fpl$frsb)
    _frsb                                    0x0800462b   Thumb Code    20  faddsub_clz.o(x$fpl$frsb)
    __aeabi_fsub                             0x08004641   Thumb Code     0  faddsub_clz.o(x$fpl$fsub)
    _fsub                                    0x08004641   Thumb Code   234  faddsub_clz.o(x$fpl$fsub)
    __fpl_return_NaN                         0x0800472b   Thumb Code   100  retnan.o(x$fpl$retnan)
    __ARM_scalbn                             0x0800478f   Thumb Code    92  scalbn.o(x$fpl$scalbn)
    __fpl_cmpreturn                          0x080047eb   Thumb Code    48  trapv.o(x$fpl$trapveneer)
    F6x8                                     0x0800481a   Data         552  oled.o(.constdata)
    __I$use$fp                               0x0800481a   Number         0  usenofp.o(x$fpl$usenofp)
    F8X16                                    0x08004a42   Data        1520  oled.o(.constdata)
    __mathlib_zero                           0x080050d0   Data           8  qnan.o(.constdata)
    Region$$Table$$Base                      0x080050d8   Number         0  anon$$obj.o(Region$$Table)
    Region$$Table$$Limit                     0x080050f8   Number         0  anon$$obj.o(Region$$Table)
    datatemp                                 0x20000000   Data           8  main.o(.data)
    __stdout                                 0x2000000c   Data           4  usart.o(.data)
    USART_RX_STA                             0x20000010   Data           2  usart.o(.data)
    remot_moto                               0x20000012   Data           1  usart.o(.data)
    remot_angle                              0x20000013   Data           1  usart.o(.data)
    USART2_RX_STA                            0x20000014   Data           2  usart.o(.data)
    Hzk                                      0x2000001c   Data         896  oled.o(.data)
    T                                        0x2000039c   Data           4  timer.o(.data)
    server_pwm                               0x200003a0   Data           1  timer.o(.data)
    Center_Gravity                           0x200003a4   Data           4  control.o(.data)
    Center_Gra_Sart                          0x200003a8   Data           4  control.o(.data)
    Encoder_x                                0x200003ac   Data           4  control.o(.data)
    Moto_x                                   0x200003b0   Data           4  control.o(.data)
    Moto_y                                   0x200003b4   Data           4  control.o(.data)
    Voltage                                  0x200003b8   Data           4  control.o(.data)
    Angle_Balance_x                          0x200003bc   Data           4  control.o(.data)
    Gyro_Balance_x                           0x200003c0   Data           4  control.o(.data)
    Balance_Pwm_x                            0x200003c4   Data           4  control.o(.data)
    velocity_Pwm_x                           0x200003c8   Data           4  control.o(.data)
    USART_RX_BUF                             0x200003f8   Data          20  usart.o(.bss)
    USART2_RX_BUF                            0x2000040c   Data          20  usart.o(.bss)
    sensor                                   0x20000420   Data         104  mpu6050.o(.bss)
    STMFLASH_BUF                             0x20000488   Data        2048  stmflash.o(.bss)
    __libspace_start                         0x20000c88   Data          96  libspace.o(.bss)
    __temporary_stack_top$libspace           0x20000ce8   Data           0  libspace.o(.bss)



==============================================================================

Memory Map of the image

  Image Entry point : 0x080000ed

  Load Region LR_IROM1 (Base: 0x08000000, Size: 0x000054f0, Max: 0x00010000, ABSOLUTE, COMPRESSED[0x0000527c])

    Execution Region ER_IROM1 (Base: 0x08000000, Size: 0x000050f8, Max: 0x00010000, ABSOLUTE)

    Base Addr    Size         Type   Attr      Idx    E Section Name        Object

    0x08000000   0x000000ec   Data   RO            3    RESET               startup_stm32f10x_md.o
    0x080000ec   0x00000008   Code   RO          463  * !!!main             c_w.l(__main.o)
    0x080000f4   0x00000034   Code   RO          735    !!!scatter          c_w.l(__scatter.o)
    0x08000128   0x0000005a   Code   RO          733    !!dczerorl2         c_w.l(__dczerorl2.o)
    0x08000182   0x00000002   PAD
    0x08000184   0x0000001c   Code   RO          737    !!handler_zi        c_w.l(__scatter_zi.o)
    0x080001a0   0x00000002   Code   RO          604    .ARM.Collect$$libinit$$00000000  c_w.l(libinit.o)
    0x080001a2   0x00000000   Code   RO          610    .ARM.Collect$$libinit$$00000002  c_w.l(libinit2.o)
    0x080001a2   0x00000000   Code   RO          612    .ARM.Collect$$libinit$$00000004  c_w.l(libinit2.o)
    0x080001a2   0x00000000   Code   RO          615    .ARM.Collect$$libinit$$0000000A  c_w.l(libinit2.o)
    0x080001a2   0x00000000   Code   RO          617    .ARM.Collect$$libinit$$0000000C  c_w.l(libinit2.o)
    0x080001a2   0x00000000   Code   RO          619    .ARM.Collect$$libinit$$0000000E  c_w.l(libinit2.o)
    0x080001a2   0x00000000   Code   RO          622    .ARM.Collect$$libinit$$00000011  c_w.l(libinit2.o)
    0x080001a2   0x00000000   Code   RO          624    .ARM.Collect$$libinit$$00000013  c_w.l(libinit2.o)
    0x080001a2   0x00000000   Code   RO          626    .ARM.Collect$$libinit$$00000015  c_w.l(libinit2.o)
    0x080001a2   0x00000000   Code   RO          628    .ARM.Collect$$libinit$$00000017  c_w.l(libinit2.o)
    0x080001a2   0x00000000   Code   RO          630    .ARM.Collect$$libinit$$00000019  c_w.l(libinit2.o)
    0x080001a2   0x00000000   Code   RO          632    .ARM.Collect$$libinit$$0000001B  c_w.l(libinit2.o)
    0x080001a2   0x00000000   Code   RO          634    .ARM.Collect$$libinit$$0000001D  c_w.l(libinit2.o)
    0x080001a2   0x00000000   Code   RO          636    .ARM.Collect$$libinit$$0000001F  c_w.l(libinit2.o)
    0x080001a2   0x00000000   Code   RO          638    .ARM.Collect$$libinit$$00000021  c_w.l(libinit2.o)
    0x080001a2   0x00000000   Code   RO          640    .ARM.Collect$$libinit$$00000023  c_w.l(libinit2.o)
    0x080001a2   0x00000000   Code   RO          642    .ARM.Collect$$libinit$$00000025  c_w.l(libinit2.o)
    0x080001a2   0x00000000   Code   RO          646    .ARM.Collect$$libinit$$0000002C  c_w.l(libinit2.o)
    0x080001a2   0x00000000   Code   RO          648    .ARM.Collect$$libinit$$0000002E  c_w.l(libinit2.o)
    0x080001a2   0x00000000   Code   RO          650    .ARM.Collect$$libinit$$00000030  c_w.l(libinit2.o)
    0x080001a2   0x00000000   Code   RO          652    .ARM.Collect$$libinit$$00000032  c_w.l(libinit2.o)
    0x080001a2   0x00000002   Code   RO          653    .ARM.Collect$$libinit$$00000033  c_w.l(libinit2.o)
    0x080001a4   0x00000002   Code   RO          675    .ARM.Collect$$libshutdown$$00000000  c_w.l(libshutdown.o)
    0x080001a6   0x00000000   Code   RO          685    .ARM.Collect$$libshutdown$$00000002  c_w.l(libshutdown2.o)
    0x080001a6   0x00000000   Code   RO          687    .ARM.Collect$$libshutdown$$00000004  c_w.l(libshutdown2.o)
    0x080001a6   0x00000000   Code   RO          690    .ARM.Collect$$libshutdown$$00000007  c_w.l(libshutdown2.o)
    0x080001a6   0x00000000   Code   RO          693    .ARM.Collect$$libshutdown$$0000000A  c_w.l(libshutdown2.o)
    0x080001a6   0x00000000   Code   RO          695    .ARM.Collect$$libshutdown$$0000000C  c_w.l(libshutdown2.o)
    0x080001a6   0x00000000   Code   RO          698    .ARM.Collect$$libshutdown$$0000000F  c_w.l(libshutdown2.o)
    0x080001a6   0x00000002   Code   RO          699    .ARM.Collect$$libshutdown$$00000010  c_w.l(libshutdown2.o)
    0x080001a8   0x00000000   Code   RO          527    .ARM.Collect$$rtentry$$00000000  c_w.l(__rtentry.o)
    0x080001a8   0x00000000   Code   RO          567    .ARM.Collect$$rtentry$$00000002  c_w.l(__rtentry2.o)
    0x080001a8   0x00000006   Code   RO          579    .ARM.Collect$$rtentry$$00000004  c_w.l(__rtentry4.o)
    0x080001ae   0x00000000   Code   RO          569    .ARM.Collect$$rtentry$$00000009  c_w.l(__rtentry2.o)
    0x080001ae   0x00000004   Code   RO          570    .ARM.Collect$$rtentry$$0000000A  c_w.l(__rtentry2.o)
    0x080001b2   0x00000000   Code   RO          572    .ARM.Collect$$rtentry$$0000000C  c_w.l(__rtentry2.o)
    0x080001b2   0x00000008   Code   RO          573    .ARM.Collect$$rtentry$$0000000D  c_w.l(__rtentry2.o)
    0x080001ba   0x00000002   Code   RO          607    .ARM.Collect$$rtexit$$00000000  c_w.l(rtexit.o)
    0x080001bc   0x00000000   Code   RO          657    .ARM.Collect$$rtexit$$00000002  c_w.l(rtexit2.o)
    0x080001bc   0x00000004   Code   RO          658    .ARM.Collect$$rtexit$$00000003  c_w.l(rtexit2.o)
    0x080001c0   0x00000006   Code   RO          659    .ARM.Collect$$rtexit$$00000004  c_w.l(rtexit2.o)
    0x080001c6   0x00000002   PAD
    0x080001c8   0x0000000c   Code   RO          123    .emb_text           sys.o
    0x080001d4   0x00000038   Code   RO            4    .text               startup_stm32f10x_md.o
    0x0800020c   0x000001c0   Code   RO           10    .text               main.o
    0x080003cc   0x000000b0   Code   RO          109    .text               delay.o
    0x0800047c   0x000002bc   Code   RO          124    .text               sys.o
    0x08000738   0x0000034c   Code   RO          139    .text               usart.o
    0x08000a84   0x00000064   Code   RO          163    .text               led.o
    0x08000ae8   0x00000080   Code   RO          176    .text               key.o
    0x08000b68   0x000004c6   Code   RO          188    .text               oled.o
    0x0800102e   0x00000002   PAD
    0x08001030   0x00000300   Code   RO          217    .text               adc.o
    0x08001330   0x000000f4   Code   RO          229    .text               timer.o
    0x08001424   0x000001d0   Code   RO          247    .text               motor.o
    0x080015f4   0x000001a4   Code   RO          259    .text               encoder.o
    0x08001798   0x00000380   Code   RO          271    .text               i2c.o
    0x08001b18   0x000002e4   Code   RO          283    .text               mpu6050.o
    0x08001dfc   0x0000081c   Code   RO          302    .text               control.o
    0x08002618   0x00000360   Code   RO          328    .text               show.o
    0x08002978   0x00000240   Code   RO          340    .text               stmflash.o
    0x08002bb8   0x0000035c   Code   RO          355    .text               stm32f10x_gpio.o
    0x08002f14   0x000003a4   Code   RO          433    .text               stm32f10x_rcc.o
    0x080032b8   0x00000002   Code   RO          459    .text               c_w.l(use_no_semi_2.o)
    0x080032ba   0x00000006   Code   RO          461    .text               c_w.l(heapauxi.o)
    0x080032c0   0x00000002   Code   RO          525    .text               c_w.l(use_no_semi.o)
    0x080032c2   0x00000002   PAD
    0x080032c4   0x00000008   Code   RO          592    .text               c_w.l(libspace.o)
    0x080032cc   0x0000004a   Code   RO          595    .text               c_w.l(sys_stackheap_outer.o)
    0x08003316   0x00000012   Code   RO          597    .text               c_w.l(exit.o)
    0x08003328   0x00000028   Code   RO          588    i.__ARM_fpclassify  m_ws.l(fpclassify.o)
    0x08003350   0x000000aa   Code   RO          590    i.__kernel_poly     m_ws.l(poly.o)
    0x080033fa   0x00000006   Code   RO          552    i.__mathlib_dbl_infnan  m_ws.l(dunder.o)
    0x08003400   0x00000004   Code   RO          553    i.__mathlib_dbl_infnan2  m_ws.l(dunder.o)
    0x08003404   0x00000010   Code   RO          557    i.__mathlib_dbl_underflow  m_ws.l(dunder.o)
    0x08003414   0x00000220   Code   RO          542    i.atan              m_ws.l(atan.o)
    0x08003634   0x00000180   Code   RO          518    i.atan2             m_ws.l(atan2.o)
    0x080037b4   0x00000062   Code   RO          465    x$fpl$d2f           fz_ws.l(d2f.o)
    0x08003816   0x00000002   PAD
    0x08003818   0x00000150   Code   RO          467    x$fpl$dadd          fz_ws.l(daddsub_clz.o)
    0x08003968   0x00000010   Code   RO          605    x$fpl$dcheck1       fz_ws.l(dcheck1.o)
    0x08003978   0x000002b0   Code   RO          474    x$fpl$ddiv          fz_ws.l(ddiv.o)
    0x08003c28   0x0000002e   Code   RO          478    x$fpl$dflt          fz_ws.l(dflt_clz.o)
    0x08003c56   0x00000002   PAD
    0x08003c58   0x00000154   Code   RO          483    x$fpl$dmul          fz_ws.l(dmul.o)
    0x08003dac   0x0000009c   Code   RO          530    x$fpl$dnaninf       fz_ws.l(dnaninf.o)
    0x08003e48   0x0000000c   Code   RO          532    x$fpl$dretinf       fz_ws.l(dretinf.o)
    0x08003e54   0x00000016   Code   RO          468    x$fpl$drsb          fz_ws.l(daddsub_clz.o)
    0x08003e6a   0x00000002   PAD
    0x08003e6c   0x000001d4   Code   RO          469    x$fpl$dsub          fz_ws.l(daddsub_clz.o)
    0x08004040   0x00000056   Code   RO          485    x$fpl$f2d           fz_ws.l(f2d.o)
    0x08004096   0x00000002   PAD
    0x08004098   0x000000c4   Code   RO          487    x$fpl$fadd          fz_ws.l(faddsub_clz.o)
    0x0800415c   0x00000018   Code   RO          534    x$fpl$fcmpinf       fz_ws.l(fcmpi.o)
    0x08004174   0x00000184   Code   RO          494    x$fpl$fdiv          fz_ws.l(fdiv.o)
    0x080042f8   0x00000036   Code   RO          497    x$fpl$ffix          fz_ws.l(ffix.o)
    0x0800432e   0x00000002   PAD
    0x08004330   0x0000003e   Code   RO          501    x$fpl$ffixu         fz_ws.l(ffixu.o)
    0x0800436e   0x00000002   PAD
    0x08004370   0x00000030   Code   RO          506    x$fpl$fflt          fz_ws.l(fflt_clz.o)
    0x080043a0   0x00000026   Code   RO          505    x$fpl$ffltu         fz_ws.l(fflt_clz.o)
    0x080043c6   0x00000002   PAD
    0x080043c8   0x00000068   Code   RO          511    x$fpl$fleqf         fz_ws.l(fleqf.o)
    0x08004430   0x00000102   Code   RO          513    x$fpl$fmul          fz_ws.l(fmul.o)
    0x08004532   0x0000008c   Code   RO          536    x$fpl$fnaninf       fz_ws.l(fnaninf.o)
    0x080045be   0x0000000a   Code   RO          538    x$fpl$fretinf       fz_ws.l(fretinf.o)
    0x080045c8   0x00000062   Code   RO          515    x$fpl$frleqf        fz_ws.l(frleqf.o)
    0x0800462a   0x00000014   Code   RO          488    x$fpl$frsb          fz_ws.l(faddsub_clz.o)
    0x0800463e   0x00000002   PAD
    0x08004640   0x000000ea   Code   RO          489    x$fpl$fsub          fz_ws.l(faddsub_clz.o)
    0x0800472a   0x00000064   Code   RO          654    x$fpl$retnan        fz_ws.l(retnan.o)
    0x0800478e   0x0000005c   Code   RO          586    x$fpl$scalbn        fz_ws.l(scalbn.o)
    0x080047ea   0x00000030   Code   RO          667    x$fpl$trapveneer    fz_ws.l(trapv.o)
    0x0800481a   0x00000000   Code   RO          540    x$fpl$usenofp       fz_ws.l(usenofp.o)
    0x0800481a   0x00000818   Data   RO          189    .constdata          oled.o
    0x08005032   0x00000006   PAD
    0x08005038   0x00000098   Data   RO          543    .constdata          m_ws.l(atan.o)
    0x080050d0   0x00000008   Data   RO          565    .constdata          m_ws.l(qnan.o)
    0x080050d8   0x00000020   Data   RO          731    Region$$Table       anon$$obj.o


    Execution Region RW_IRAM1 (Base: 0x20000000, Size: 0x000012e8, Max: 0x00005000, ABSOLUTE, COMPRESSED[0x00000184])

    Base Addr    Size         Type   Attr      Idx    E Section Name        Object

    0x20000000   0x00000008   Data   RW           11    .data               main.o
    0x20000008   0x00000004   Data   RW          110    .data               delay.o
    0x2000000c   0x0000000a   Data   RW          141    .data               usart.o
    0x20000016   0x00000002   PAD
    0x20000018   0x00000004   Data   RW          164    .data               led.o
    0x2000001c   0x00000380   Data   RW          190    .data               oled.o
    0x2000039c   0x00000005   Data   RW          230    .data               timer.o
    0x200003a1   0x00000001   Data   RW          285    .data               mpu6050.o
    0x200003a2   0x00000002   PAD
    0x200003a4   0x00000040   Data   RW          303    .data               control.o
    0x200003e4   0x00000014   Data   RW          434    .data               stm32f10x_rcc.o
    0x200003f8   0x00000028   Zero   RW          140    .bss                usart.o
    0x20000420   0x00000068   Zero   RW          284    .bss                mpu6050.o
    0x20000488   0x00000800   Zero   RW          341    .bss                stmflash.o
    0x20000c88   0x00000060   Zero   RW          593    .bss                c_w.l(libspace.o)
    0x20000ce8   0x00000200   Zero   RW            2    HEAP                startup_stm32f10x_md.o
    0x20000ee8   0x00000400   Zero   RW            1    STACK               startup_stm32f10x_md.o


==============================================================================

Image component sizes


      Code (inc. data)   RO Data    RW Data    ZI Data      Debug   Object Name

       768         24          0          0          0       1591   adc.o
      2076        274          0         64          0       3910   control.o
       176          8          0          4          0       1175   delay.o
       420         20          0          0          0       1099   encoder.o
       896         12          0          0          0       3866   i2c.o
       128         14          0          0          0        724   key.o
       100         20          0          4          0        701   led.o
       448         56          0          8          0     224890   main.o
       464         24          0          0          0       1134   motor.o
       740         10          0          1        104       3907   mpu6050.o
      1222         18       2072        896          0       5760   oled.o
       864        106          0          0          0        977   show.o
        56         22        236          0       1536        852   startup_stm32f10x_md.o
       860         38          0          0          0       5893   stm32f10x_gpio.o
       932         36          0         20          0       9132   stm32f10x_rcc.o
       576         22          0          0       2048       4155   stmflash.o
       712         44          0          0          0       2931   sys.o
       244         22          0          5          0       1381   timer.o
       844         44          0         10         40       4340   usart.o

    ----------------------------------------------------------------------
     12528        814       2346       1016       3728     278418   Object Totals
         0          0         32          0          0          0   (incl. Generated)
         2          0          6          4          0          0   (incl. Padding)

    ----------------------------------------------------------------------

      Code (inc. data)   RO Data    RW Data    ZI Data      Debug   Library Member Name

        90          0          0          0          0          0   __dczerorl2.o
         8          0          0          0          0         68   __main.o
         0          0          0          0          0          0   __rtentry.o
        12          0          0          0          0          0   __rtentry2.o
         6          0          0          0          0          0   __rtentry4.o
        52          8          0          0          0          0   __scatter.o
        28          0          0          0          0          0   __scatter_zi.o
        18          0          0          0          0         80   exit.o
         6          0          0          0          0        152   heapauxi.o
         2          0          0          0          0          0   libinit.o
         2          0          0          0          0          0   libinit2.o
         2          0          0          0          0          0   libshutdown.o
         2          0          0          0          0          0   libshutdown2.o
         8          4          0          0         96         68   libspace.o
         2          0          0          0          0          0   rtexit.o
        10          0          0          0          0          0   rtexit2.o
        74          0          0          0          0         80   sys_stackheap_outer.o
         2          0          0          0          0         68   use_no_semi.o
         2          0          0          0          0         68   use_no_semi_2.o
        98          4          0          0          0         92   d2f.o
       826         16          0          0          0        348   daddsub_clz.o
        16          4          0          0          0         68   dcheck1.o
       688        140          0          0          0        208   ddiv.o
        46          0          0          0          0         68   dflt_clz.o
       340         12          0          0          0        104   dmul.o
       156          4          0          0          0         92   dnaninf.o
        12          0          0          0          0         68   dretinf.o
        86          4          0          0          0         84   f2d.o
       450          8          0          0          0        236   faddsub_clz.o
        24          0          0          0          0         68   fcmpi.o
       388         76          0          0          0         96   fdiv.o
        54          4          0          0          0         84   ffix.o
        62          4          0          0          0         84   ffixu.o
        86          0          0          0          0        136   fflt_clz.o
       104          4          0          0          0         84   fleqf.o
       258          4          0          0          0         84   fmul.o
       140          4          0          0          0         84   fnaninf.o
        10          0          0          0          0         68   fretinf.o
        98          0          0          0          0         68   frleqf.o
       100          0          0          0          0         68   retnan.o
        92          0          0          0          0         68   scalbn.o
        48          0          0          0          0         68   trapv.o
         0          0          0          0          0          0   usenofp.o
       544         70        152          0          0        124   atan.o
       384         38          0          0          0        144   atan2.o
        26          6          0          0          0        204   dunder.o
        40          0          0          0          0         68   fpclassify.o
       170          0          0          0          0         96   poly.o
         0          0          8          0          0          0   qnan.o

    ----------------------------------------------------------------------
      5694        414        160          0         96       3648   Library Totals
        22          0          0          0          0          0   (incl. Padding)

    ----------------------------------------------------------------------

      Code (inc. data)   RO Data    RW Data    ZI Data      Debug   Library Name

       326         12          0          0         96        584   c_w.l
      4182        288          0          0          0       2428   fz_ws.l
      1164        114        160          0          0        636   m_ws.l

    ----------------------------------------------------------------------
      5694        414        160          0         96       3648   Library Totals

    ----------------------------------------------------------------------

==============================================================================


      Code (inc. data)   RO Data    RW Data    ZI Data      Debug   

     18222       1228       2506       1016       3824     278422   Grand Totals
     18222       1228       2506        388       3824     278422   ELF Image Totals (compressed)
     18222       1228       2506        388          0          0   ROM Totals

==============================================================================

    Total RO  Size (Code + RO Data)                20728 (  20.24kB)
    Total RW  Size (RW Data + ZI Data)              4840 (   4.73kB)
    Total ROM Size (Code + RO Data + RW Data)      21116 (  20.62kB)

==============================================================================

