<html>
<body>
<pre>
<h1>礦ision Build Log</h1>
<h2>Tool Versions:</h2>
IDE-Version: μVision V5.18a
Copyright (C) 2016 ARM Ltd and ARM Germany GmbH. All rights reserved.
License Information: 1 847450943@qq.com, 1, LIC=----
 
Tool Versions:
Toolchain:       MDK-Lite  Version: 5.18a
Toolchain Path:  D:\Software\Keil\ARM\ARMCC\Bin
C Compiler:      Armcc.exe V5.06 update 1 (build 61)
Assembler:       Armasm.exe V5.06 update 1 (build 61)
Linker/Locator:  ArmLink.exe V5.06 update 1 (build 61)
Library Manager: ArmAr.exe V5.06 update 1 (build 61)
Hex Converter:   FromElf.exe V5.06 update 1 (build 61)
CPU DLL:         SARMCM3.DLL V5.18a
Dialog DLL:      DCM.DLL V1.13.6.0
Target DLL:      STLink\ST-LINKIII-KEIL_SWO.dll V2.0.18.0
Dialog DLL:      TCM.DLL V1.14.8.0
 
<h2>Project:</h2>
D:\Document\浙大\大三下\嵌入式高级实验\开源自平衡自行车资料\源代码\V1.1(21.06.27)\V1.1(21.06.27)\USER\DOB.uvprojx
Project File Date:  07/31/2021

<h2>Output:</h2>
*** Using Compiler 'V5.06 update 1 (build 61)', folder: 'D:\Software\Keil\ARM\ARMCC\Bin'
Rebuild target 'Target 1'
assembling startup_stm32f10x_md.s...
compiling LED.C...
compiling mpu6050.c...
compiling delay.c...
compiling key.c...
compiling timer.c...
compiling adc.c...
compiling oled.c...
compiling main.c...
compiling encoder.c...
compiling usart.c...
compiling I2C.c...
compiling motor.c...
compiling show.c...
compiling control.c...
compiling sys.c...
compiling core_cm3.c...
compiling stmflash.c...
compiling stm32f10x_gpio.c...
compiling stm32f10x_rcc.c...
linking...
Program Size: Code=18222 RO-data=2506 RW-data=1016 ZI-data=3824  
FromELF: creating hex file...
"..\OBJ\ONE.axf" - 0 Error(s), 0 Warning(s).

<h2>Collection of Component include folders:</h2>
  D:\Document\浙大\大三下\嵌入式高级实验\开源自平衡自行车资料\源代码\V1.1(21.06.27)\V1.1(21.06.27)\USER\RTE
  D:\Software\Keil\Keil\STM32F1xx_DFP\2.3.0\Device\Include

<h2>Collection of Component Files used:</h2>
Build Time Elapsed:  00:00:01
</pre>
</body>
</html>
